Component: ARM Compiler 5.06 update 7 (build 960) Tool: armlink [4d3601]

==============================================================================

Section Cross References

    main.o(i.UART0_IRQHandler) refers to main.o(.data) for temp
    main.o(i.UART0_IRQHandler) refers to main.o(.bss) for rx_buf
    main.o(i.main) refers to functions.o(i.Init_all) for Init_all
    main.o(i.main) refers to adc.o(i.ADC_Init) for ADC_Init
    main.o(i.main) refers to uart.o(i.UART_Println) for UART_Println
    main.o(i.main) refers to functions.o(i.rozpoznajKomendy) for rozpoznajKomendy
    main.o(i.main) refers to main.o(.data) for cal_count
    main.o(i.main) refers to main.o(.bss) for rx_buf
    pit.o(i.PIT_IRQHandler) refers to pit.o(i.__NVIC_ClearPendingIRQ) for __NVIC_ClearPendingIRQ
    pit.o(i.PIT_Init) refers to aeabi_sdiv.o(.text) for __aeabi_uidivmod
    pit.o(i.PIT_Init) refers to pit.o(i.__NVIC_ClearPendingIRQ) for __NVIC_ClearPendingIRQ
    pit.o(i.PIT_Init) refers to system_mkl05z4.o(.data) for SystemCoreClock
    pit.o(i.PIT_Init) refers to pit.o(.data) for tsv
    led.o(i.LED_Blink) refers to led.o(i.LED_Ctrl) for LED_Ctrl
    led.o(i.LED_Ctrl) refers to led.o(.data) for led
    led.o(i.LED_Init) refers to led.o(.data) for led
    led.o(i.LED_Welcome) refers to led.o(i.LED_Blink) for LED_Blink
    lcd1602.o(i.LCD1602_Backlight) refers to lcd1602.o(i.PCF8574_Write) for PCF8574_Write
    lcd1602.o(i.LCD1602_Backlight) refers to lcd1602.o(.data) for lcd_backlight
    lcd1602.o(i.LCD1602_Blink_Off) refers to lcd1602.o(i.LCD1602_Write8) for LCD1602_Write8
    lcd1602.o(i.LCD1602_Blink_On) refers to lcd1602.o(i.LCD1602_Write8) for LCD1602_Write8
    lcd1602.o(i.LCD1602_CheckAddress) refers to i2c.o(i.I2C_Write) for I2C_Write
    lcd1602.o(i.LCD1602_CheckAddress) refers to lcd1602.o(.data) for pcf_address
    lcd1602.o(i.LCD1602_ClearAll) refers to lcd1602.o(i.LCD1602_Write8) for LCD1602_Write8
    lcd1602.o(i.LCD1602_Init) refers to i2c.o(i.I2C_Init) for I2C_Init
    lcd1602.o(i.LCD1602_Init) refers to lcd1602.o(i.LCD1602_CheckAddress) for LCD1602_CheckAddress
    lcd1602.o(i.LCD1602_Init) refers to lcd1602.o(i.LCD1602_Write8) for LCD1602_Write8
    lcd1602.o(i.LCD1602_Print) refers to lcd1602.o(i.LCD1602_Write8) for LCD1602_Write8
    lcd1602.o(i.LCD1602_PrintNum) refers to lcd1602.o(i.itoa) for itoa
    lcd1602.o(i.LCD1602_PrintNum) refers to lcd1602.o(i.LCD1602_Print) for LCD1602_Print
    lcd1602.o(i.LCD1602_SetCursor) refers to lcd1602.o(i.LCD1602_Write8) for LCD1602_Write8
    lcd1602.o(i.LCD1602_Write4) refers to lcd1602.o(i.PCF8574_Write) for PCF8574_Write
    lcd1602.o(i.LCD1602_Write8) refers to lcd1602.o(i.LCD1602_Write4) for LCD1602_Write4
    lcd1602.o(i.PCF8574_Write) refers to i2c.o(i.I2C_Write) for I2C_Write
    lcd1602.o(i.PCF8574_Write) refers to lcd1602.o(.data) for lcd_backlight
    lcd1602.o(i.itoa) refers to aeabi_sdiv.o(.text) for __aeabi_idivmod
    uart.o(i.UART_Print) refers to uart.o(i.uart_send) for uart_send
    uart.o(i.UART_Println) refers to uart.o(i.UART_Print) for UART_Print
    i2c.o(i.I2C_Ping) refers to i2c.o(i.i2c_enable) for i2c_enable
    i2c.o(i.I2C_Ping) refers to i2c.o(i.i2c_tran) for i2c_tran
    i2c.o(i.I2C_Ping) refers to i2c.o(i.i2c_m_start) for i2c_m_start
    i2c.o(i.I2C_Ping) refers to i2c.o(i.i2c_send) for i2c_send
    i2c.o(i.I2C_Ping) refers to i2c.o(i.i2c_wait) for i2c_wait
    i2c.o(i.I2C_Ping) refers to i2c.o(i.i2c_m_stop) for i2c_m_stop
    i2c.o(i.I2C_Ping) refers to i2c.o(i.i2c_disable) for i2c_disable
    i2c.o(i.I2C_Ping) refers to i2c.o(.data) for error
    i2c.o(i.I2C_Read) refers to i2c.o(i.i2c_enable) for i2c_enable
    i2c.o(i.I2C_Read) refers to i2c.o(i.i2c_tran) for i2c_tran
    i2c.o(i.I2C_Read) refers to i2c.o(i.i2c_m_start) for i2c_m_start
    i2c.o(i.I2C_Read) refers to i2c.o(i.i2c_send) for i2c_send
    i2c.o(i.I2C_Read) refers to i2c.o(i.i2c_wait) for i2c_wait
    i2c.o(i.I2C_Read) refers to i2c.o(i.i2c_rec) for i2c_rec
    i2c.o(i.I2C_Read) refers to i2c.o(i.i2c_nack) for i2c_nack
    i2c.o(i.I2C_Read) refers to i2c.o(i.i2c_recv) for i2c_recv
    i2c.o(i.I2C_Read) refers to i2c.o(i.i2c_m_stop) for i2c_m_stop
    i2c.o(i.I2C_Read) refers to i2c.o(i.i2c_disable) for i2c_disable
    i2c.o(i.I2C_Read) refers to i2c.o(.data) for error
    i2c.o(i.I2C_ReadReg) refers to i2c.o(i.i2c_enable) for i2c_enable
    i2c.o(i.I2C_ReadReg) refers to i2c.o(i.i2c_tran) for i2c_tran
    i2c.o(i.I2C_ReadReg) refers to i2c.o(i.i2c_m_start) for i2c_m_start
    i2c.o(i.I2C_ReadReg) refers to i2c.o(i.i2c_send) for i2c_send
    i2c.o(i.I2C_ReadReg) refers to i2c.o(i.i2c_wait) for i2c_wait
    i2c.o(i.I2C_ReadReg) refers to i2c.o(i.i2c_m_rstart) for i2c_m_rstart
    i2c.o(i.I2C_ReadReg) refers to i2c.o(i.i2c_rec) for i2c_rec
    i2c.o(i.I2C_ReadReg) refers to i2c.o(i.i2c_nack) for i2c_nack
    i2c.o(i.I2C_ReadReg) refers to i2c.o(i.i2c_recv) for i2c_recv
    i2c.o(i.I2C_ReadReg) refers to i2c.o(i.i2c_m_stop) for i2c_m_stop
[...]
    ../clib/printf.c                         0x00000000   Number         0  _printf_dec.o ABSOLUTE
    ../clib/printf.c                         0x00000000   Number         0  __printf_flags.o ABSOLUTE
    ../clib/printf.c                         0x00000000   Number         0  _printf_intcommon.o ABSOLUTE
    ../clib/printf.c                         0x00000000   Number         0  __printf_ss_wp.o ABSOLUTE
    ../clib/printf.c                         0x00000000   Number         0  __printf_ss.o ABSOLUTE
    ../clib/printf.c                         0x00000000   Number         0  __printf_flags_ss.o ABSOLUTE
    ../clib/printf.c                         0x00000000   Number         0  __printf_wp.o ABSOLUTE
    ../clib/printf.c                         0x00000000   Number         0  __printf.o ABSOLUTE
    ../clib/printf.c                         0x00000000   Number         0  __printf_flags_ss_wp.o ABSOLUTE
    ../clib/printf.c                         0x00000000   Number         0  noretval__2sprintf.o ABSOLUTE
    ../clib/printf.c                         0x00000000   Number         0  __printf_flags_wp.o ABSOLUTE
    ../clib/printf.c                         0x00000000   Number         0  __2sprintf.o ABSOLUTE
    ../clib/printf.c                         0x00000000   Number         0  _printf_fp_infnan.o ABSOLUTE
    ../clib/printf.c                         0x00000000   Number         0  __printf_nopercent.o ABSOLUTE
    ../clib/printf.c                         0x00000000   Number         0  _sputc.o ABSOLUTE
    ../clib/printf_percent.s                 0x00000000   Number         0  _printf_percent_end.o ABSOLUTE
    ../clib/printf_percent.s                 0x00000000   Number         0  _printf_percent.o ABSOLUTE
    ../clib/printf_percent.s                 0x00000000   Number         0  _printf_f.o ABSOLUTE
    ../clib/printf_percent.s                 0x00000000   Number         0  _printf_i.o ABSOLUTE
    ../clib/signal.c                         0x00000000   Number         0  defsig_abrt_inner.o ABSOLUTE
    ../clib/signal.c                         0x00000000   Number         0  defsig_fpe_outer.o ABSOLUTE
    ../clib/signal.c                         0x00000000   Number         0  defsig_rtred_inner.o ABSOLUTE
    ../clib/signal.c                         0x00000000   Number         0  defsig_general.o ABSOLUTE
    ../clib/signal.c                         0x00000000   Number         0  defsig_rtmem_inner.o ABSOLUTE
    ../clib/signal.c                         0x00000000   Number         0  defsig_stak_inner.o ABSOLUTE
    ../clib/signal.c                         0x00000000   Number         0  defsig_pvfn_inner.o ABSOLUTE
    ../clib/signal.c                         0x00000000   Number         0  defsig_fpe_formal.o ABSOLUTE
    ../clib/signal.c                         0x00000000   Number         0  defsig_exit.o ABSOLUTE
    ../clib/signal.c                         0x00000000   Number         0  defsig_fpe_inner.o ABSOLUTE
    ../clib/signal.c                         0x00000000   Number         0  defsig_segv_inner.o ABSOLUTE
    ../clib/signal.c                         0x00000000   Number         0  __raise.o ABSOLUTE
    ../clib/signal.c                         0x00000000   Number         0  defsig_cppl_inner.o ABSOLUTE
    ../clib/signal.c                         0x00000000   Number         0  defsig_rtmem_outer.o ABSOLUTE
    ../clib/signal.c                         0x00000000   Number         0  defsig_other.o ABSOLUTE
    ../clib/signal.c                         0x00000000   Number         0  defsig_rtmem_formal.o ABSOLUTE
    ../clib/signal.s                         0x00000000   Number         0  defsig.o ABSOLUTE
    ../clib/stdlib.c                         0x00000000   Number         0  exit.o ABSOLUTE
    ../clib/string.c                         0x00000000   Number         0  strcmp.o ABSOLUTE
    ../clib/string.c                         0x00000000   Number         0  strlen.o ABSOLUTE
    ../fplib/cfplib/cmpret.c                 0x00000000   Number         0  cmpret.o ABSOLUTE
    ../fplib/cfplib/d2f.c                    0x00000000   Number         0  d2f.o ABSOLUTE
    ../fplib/cfplib/daddsub.c                0x00000000   Number         0  daddsub.o ABSOLUTE
    ../fplib/cfplib/dcmpin.c                 0x00000000   Number         0  dcmpin.o ABSOLUTE
    ../fplib/cfplib/ddiv.c                   0x00000000   Number         0  ddiv.o ABSOLUTE
    ../fplib/cfplib/dmul.c                   0x00000000   Number         0  dmul.o ABSOLUTE
    ../fplib/cfplib/dsqrt.c                  0x00000000   Number         0  dsqrt.o ABSOLUTE
    ../fplib/cfplib/f2d.c                    0x00000000   Number         0  f2d.o ABSOLUTE
    ../fplib/cfplib/fcmpin.c                 0x00000000   Number         0  fcmpin.o ABSOLUTE
    ../fplib/cfplib/fdiv.c                   0x00000000   Number         0  fdiv.o ABSOLUTE
    ../fplib/cfplib/ffix.c                   0x00000000   Number         0  ffixui.o ABSOLUTE
    ../fplib/cfplib/ffix.c                   0x00000000   Number         0  dfixui.o ABSOLUTE
    ../fplib/cfplib/ffix.c                   0x00000000   Number         0  dfixl.o ABSOLUTE
    ../fplib/cfplib/ffix.c                   0x00000000   Number         0  dfixi.o ABSOLUTE
    ../fplib/cfplib/ffix.c                   0x00000000   Number         0  ffixir.o ABSOLUTE
    ../fplib/cfplib/ffix.c                   0x00000000   Number         0  ffixl.o ABSOLUTE
    ../fplib/cfplib/ffix.c                   0x00000000   Number         0  ffixi.o ABSOLUTE
    ../fplib/cfplib/fflt.c                   0x00000000   Number         0  fflti.o ABSOLUTE
    ../fplib/cfplib/fflt.c                   0x00000000   Number         0  dflti.o ABSOLUTE
    ../fplib/cfplib/fpinit.c                 0x00000000   Number         0  fpinit.o ABSOLUTE
    ../fplib/cfplib/frnd.c                   0x00000000   Number         0  frnd.o ABSOLUTE
    ../fplib/cfplib/fsqrt.c                  0x00000000   Number         0  fsqrt.o ABSOLUTE
    ../fplib/cfplib/ieee_status.c            0x00000000   Number         0  ieee_status.o ABSOLUTE
    ../fplib/cfplib/nan2.c                   0x00000000   Number         0  dnan2.o ABSOLUTE
    ../fplib/cfplib/nan2.c                   0x00000000   Number         0  fnan2.o ABSOLUTE
    ../fplib/cfplib/retnan.c                 0x00000000   Number         0  retnan.o ABSOLUTE
    ../fplib/cfplib/scalbn.c                 0x00000000   Number         0  fscalbn.o ABSOLUTE
    ../fplib/cfplib/scalbn.c                 0x00000000   Number         0  dscalbn.o ABSOLUTE
    ../fplib/deqf6m.s                        0x00000000   Number         0  deqf.o ABSOLUTE
    ../fplib/dleqf6m.s                       0x00000000   Number         0  dlef.o ABSOLUTE
    ../fplib/drleqf6m.s                      0x00000000   Number         0  drlef.o ABSOLUTE
    ../fplib/faddsub6m.s                     0x00000000   Number         0  faddsub.o ABSOLUTE
    ../fplib/feqf6m.s                        0x00000000   Number         0  feqf.o ABSOLUTE
    ../fplib/fleqf6m.s                       0x00000000   Number         0  flef.o ABSOLUTE
    ../fplib/fmul6m.s                        0x00000000   Number         0  fmul.o ABSOLUTE
    ../fplib/frleqf6m.s                      0x00000000   Number         0  frlef.o ABSOLUTE
    ../fplib/printf1.s                       0x00000000   Number         0  printf1.o ABSOLUTE
    ../fplib/usenofp.s                       0x00000000   Number         0  usenofp.o ABSOLUTE
    ../mathlib/dunder.c                      0x00000000   Number         0  dunder.o ABSOLUTE
    ../mathlib/exp.c                         0x00000000   Number         0  exp.o ABSOLUTE
    ../mathlib/exp.c                         0x00000000   Number         0  exp_x.o ABSOLUTE
    ../mathlib/expf.c                        0x00000000   Number         0  expf_x.o ABSOLUTE
    ../mathlib/expf.c                        0x00000000   Number         0  expf.o ABSOLUTE
    ../mathlib/fpclassify.c                  0x00000000   Number         0  fpclassify.o ABSOLUTE
    ../mathlib/fpclassifyf.c                 0x00000000   Number         0  fpclassifyf.o ABSOLUTE
    ../mathlib/funder.c                      0x00000000   Number         0  funder.o ABSOLUTE
    ../mathlib/log.c                         0x00000000   Number         0  log_x.o ABSOLUTE
    ../mathlib/log.c                         0x00000000   Number         0  log.o ABSOLUTE
    ../mathlib/logf.c                        0x00000000   Number         0  logf.o ABSOLUTE
    ../mathlib/logf.c                        0x00000000   Number         0  logf_x.o ABSOLUTE
    ../mathlib/poly.c                        0x00000000   Number         0  poly.o ABSOLUTE
    ../mathlib/powf.c                        0x00000000   Number         0  powf.o ABSOLUTE
    ../mathlib/powf.c                        0x00000000   Number         0  powf_x.o ABSOLUTE
    ../mathlib/qnan.c                        0x00000000   Number         0  qnan.o ABSOLUTE
    ../mathlib/sqrt.c                        0x00000000   Number         0  sqrt_x.o ABSOLUTE
    ../mathlib/sqrt.c                        0x00000000   Number         0  sqrt.o ABSOLUTE
    ../mathlib/sqrtf.c                       0x00000000   Number         0  sqrtf.o ABSOLUTE
    ../mathlib/sqrtf.c                       0x00000000   Number         0  sqrtf_x.o ABSOLUTE
    ../mathlib/tanhf.c                       0x00000000   Number         0  tanhf_x.o ABSOLUTE
    ../mathlib/tanhf.c                       0x00000000   Number         0  tanhf.o ABSOLUTE
    ADC.c                                    0x00000000   Number         0  adc.o ABSOLUTE
    ADC.c                                    0x00000000   Number         0  adc.o ABSOLUTE
    C:/Users/User/AppData/Local/Arm/Packs/ARM/CMSIS-DSP/1.14.2/Source/BasicMathFunctions/BasicMathFunctions.c 0x00000000   Number         0  basicmathfunctions.o ABSOLUTE
    C:/Users/User/AppData/Local/Arm/Packs/ARM/CMSIS-DSP/1.14.2/Source/BasicMathFunctions/BasicMathFunctionsF16.c 0x00000000   Number         0  basicmathfunctionsf16.o ABSOLUTE
    C:/Users/User/AppData/Local/Arm/Packs/ARM/CMSIS-DSP/1.14.2/Source/BayesFunctions/BayesFunctions.c 0x00000000   Number         0  bayesfunctions.o ABSOLUTE
    C:/Users/User/AppData/Local/Arm/Packs/ARM/CMSIS-DSP/1.14.2/Source/BayesFunctions/BayesFunctionsF16.c 0x00000000   Number         0  bayesfunctionsf16.o ABSOLUTE
    C:/Users/User/AppData/Local/Arm/Packs/ARM/CMSIS-DSP/1.14.2/Source/CommonTables/CommonTables.c 0x00000000   Number         0  commontables.o ABSOLUTE
    C:/Users/User/AppData/Local/Arm/Packs/ARM/CMSIS-DSP/1.14.2/Source/CommonTables/CommonTablesF16.c 0x00000000   Number         0  commontablesf16.o ABSOLUTE
    C:/Users/User/AppData/Local/Arm/Packs/ARM/CMSIS-DSP/1.14.2/Source/ComplexMathFunctions/ComplexMathFunctions.c 0x00000000   Number         0  complexmathfunctions.o ABSOLUTE
    C:/Users/User/AppData/Local/Arm/Packs/ARM/CMSIS-DSP/1.14.2/Source/ComplexMathFunctions/ComplexMathFunctionsF16.c 0x00000000   Number         0  complexmathfunctionsf16.o ABSOLUTE
    C:/Users/User/AppData/Local/Arm/Packs/ARM/CMSIS-DSP/1.14.2/Source/ControllerFunctions/ControllerFunctions.c 0x00000000   Number         0  controllerfunctions.o ABSOLUTE
    C:/Users/User/AppData/Local/Arm/Packs/ARM/CMSIS-DSP/1.14.2/Source/DistanceFunctions/DistanceFunctions.c 0x00000000   Number         0  distancefunctions.o ABSOLUTE
    C:/Users/User/AppData/Local/Arm/Packs/ARM/CMSIS-DSP/1.14.2/Source/DistanceFunctions/DistanceFunctionsF16.c 0x00000000   Number         0  distancefunctionsf16.o ABSOLUTE
    C:/Users/User/AppData/Local/Arm/Packs/ARM/CMSIS-DSP/1.14.2/Source/FastMathFunctions/FastMathFunctions.c 0x00000000   Number         0  fastmathfunctions.o ABSOLUTE
    C:/Users/User/AppData/Local/Arm/Packs/ARM/CMSIS-DSP/1.14.2/Source/FastMathFunctions/FastMathFunctionsF16.c 0x00000000   Number         0  fastmathfunctionsf16.o ABSOLUTE
    C:/Users/User/AppData/Local/Arm/Packs/ARM/CMSIS-DSP/1.14.2/Source/FilteringFunctions/FilteringFunctions.c 0x00000000   Number         0  filteringfunctions.o ABSOLUTE
    C:/Users/User/AppData/Local/Arm/Packs/ARM/CMSIS-DSP/1.14.2/Source/FilteringFunctions/FilteringFunctionsF16.c 0x00000000   Number         0  filteringfunctionsf16.o ABSOLUTE
    C:/Users/User/AppData/Local/Arm/Packs/ARM/CMSIS-DSP/1.14.2/Source/InterpolationFunctions/InterpolationFunctions.c 0x00000000   Number         0  interpolationfunctions.o ABSOLUTE
    C:/Users/User/AppData/Local/Arm/Packs/ARM/CMSIS-DSP/1.14.2/Source/InterpolationFunctions/InterpolationFunctionsF16.c 0x00000000   Number         0  interpolationfunctionsf16.o ABSOLUTE
    C:/Users/User/AppData/Local/Arm/Packs/ARM/CMSIS-DSP/1.14.2/Source/MatrixFunctions/MatrixFunctions.c 0x00000000   Number         0  matrixfunctions.o ABSOLUTE
    C:/Users/User/AppData/Local/Arm/Packs/ARM/CMSIS-DSP/1.14.2/Source/MatrixFunctions/MatrixFunctionsF16.c 0x00000000   Number         0  matrixfunctionsf16.o ABSOLUTE
    C:/Users/User/AppData/Local/Arm/Packs/ARM/CMSIS-DSP/1.14.2/Source/QuaternionMathFunctions/QuaternionMathFunctions.c 0x00000000   Number         0  quaternionmathfunctions.o ABSOLUTE
    C:/Users/User/AppData/Local/Arm/Packs/ARM/CMSIS-DSP/1.14.2/Source/SVMFunctions/SVMFunctions.c 0x00000000   Number         0  svmfunctions.o ABSOLUTE
    C:/Users/User/AppData/Local/Arm/Packs/ARM/CMSIS-DSP/1.14.2/Source/SVMFunctions/SVMFunctionsF16.c 0x00000000   Number         0  svmfunctionsf16.o ABSOLUTE
    C:/Users/User/AppData/Local/Arm/Packs/ARM/CMSIS-DSP/1.14.2/Source/StatisticsFunctions/StatisticsFunctions.c 0x00000000   Number         0  statisticsfunctions.o ABSOLUTE
    C:/Users/User/AppData/Local/Arm/Packs/ARM/CMSIS-DSP/1.14.2/Source/StatisticsFunctions/StatisticsFunctionsF16.c 0x00000000   Number         0  statisticsfunctionsf16.o ABSOLUTE
    C:/Users/User/AppData/Local/Arm/Packs/ARM/CMSIS-DSP/1.14.2/Source/SupportFunctions/SupportFunctions.c 0x00000000   Number         0  supportfunctions.o ABSOLUTE
    C:/Users/User/AppData/Local/Arm/Packs/ARM/CMSIS-DSP/1.14.2/Source/SupportFunctions/SupportFunctionsF16.c 0x00000000   Number         0  supportfunctionsf16.o ABSOLUTE
    C:/Users/User/AppData/Local/Arm/Packs/ARM/CMSIS-DSP/1.14.2/Source/TransformFunctions/TransformFunctions.c 0x00000000   Number         0  transformfunctions.o ABSOLUTE
    C:/Users/User/AppData/Local/Arm/Packs/ARM/CMSIS-DSP/1.14.2/Source/TransformFunctions/TransformFunctionsF16.c 0x00000000   Number         0  transformfunctionsf16.o ABSOLUTE
    C:\Users\User\AppData\Local\Arm\Packs\ARM\CMSIS-DSP\1.14.2\Source\BasicMathFunctions\BasicMathFunctions.c 0x00000000   Number         0  basicmathfunctions.o ABSOLUTE
    C:\Users\User\AppData\Local\Arm\Packs\ARM\CMSIS-DSP\1.14.2\Source\BasicMathFunctions\BasicMathFunctionsF16.c 0x00000000   Number         0  basicmathfunctionsf16.o ABSOLUTE
    C:\Users\User\AppData\Local\Arm\Packs\ARM\CMSIS-DSP\1.14.2\Source\BayesFunctions\BayesFunctions.c 0x00000000   Number         0  bayesfunctions.o ABSOLUTE
    C:\Users\User\AppData\Local\Arm\Packs\ARM\CMSIS-DSP\1.14.2\Source\BayesFunctions\BayesFunctionsF16.c 0x00000000   Number         0  bayesfunctionsf16.o ABSOLUTE
    C:\Users\User\AppData\Local\Arm\Packs\ARM\CMSIS-DSP\1.14.2\Source\CommonTables\CommonTables.c 0x00000000   Number         0  commontables.o ABSOLUTE
    C:\Users\User\AppData\Local\Arm\Packs\ARM\CMSIS-DSP\1.14.2\Source\CommonTables\CommonTablesF16.c 0x00000000   Number         0  commontablesf16.o ABSOLUTE
    C:\Users\User\AppData\Local\Arm\Packs\ARM\CMSIS-DSP\1.14.2\Source\ComplexMathFunctions\ComplexMathFunctions.c 0x00000000   Number         0  complexmathfunctions.o ABSOLUTE
    C:\Users\User\AppData\Local\Arm\Packs\ARM\CMSIS-DSP\1.14.2\Source\ComplexMathFunctions\ComplexMathFunctionsF16.c 0x00000000   Number         0  complexmathfunctionsf16.o ABSOLUTE
    C:\Users\User\AppData\Local\Arm\Packs\ARM\CMSIS-DSP\1.14.2\Source\ControllerFunctions\ControllerFunctions.c 0x00000000   Number         0  controllerfunctions.o ABSOLUTE
    C:\Users\User\AppData\Local\Arm\Packs\ARM\CMSIS-DSP\1.14.2\Source\DistanceFunctions\DistanceFunctions.c 0x00000000   Number         0  distancefunctions.o ABSOLUTE
    C:\Users\User\AppData\Local\Arm\Packs\ARM\CMSIS-DSP\1.14.2\Source\DistanceFunctions\DistanceFunctionsF16.c 0x00000000   Number         0  distancefunctionsf16.o ABSOLUTE
    C:\Users\User\AppData\Local\Arm\Packs\ARM\CMSIS-DSP\1.14.2\Source\FastMathFunctions\FastMathFunctions.c 0x00000000   Number         0  fastmathfunctions.o ABSOLUTE
    C:\Users\User\AppData\Local\Arm\Packs\ARM\CMSIS-DSP\1.14.2\Source\FastMathFunctions\FastMathFunctionsF16.c 0x00000000   Number         0  fastmathfunctionsf16.o ABSOLUTE
    C:\Users\User\AppData\Local\Arm\Packs\ARM\CMSIS-DSP\1.14.2\Source\FilteringFunctions\FilteringFunctions.c 0x00000000   Number         0  filteringfunctions.o ABSOLUTE
    C:\Users\User\AppData\Local\Arm\Packs\ARM\CMSIS-DSP\1.14.2\Source\FilteringFunctions\FilteringFunctionsF16.c 0x00000000   Number         0  filteringfunctionsf16.o ABSOLUTE
    C:\Users\User\AppData\Local\Arm\Packs\ARM\CMSIS-DSP\1.14.2\Source\InterpolationFunctions\InterpolationFunctions.c 0x00000000   Number         0  interpolationfunctions.o ABSOLUTE
    C:\Users\User\AppData\Local\Arm\Packs\ARM\CMSIS-DSP\1.14.2\Source\InterpolationFunctions\InterpolationFunctionsF16.c 0x00000000   Number         0  interpolationfunctionsf16.o ABSOLUTE
    C:\Users\User\AppData\Local\Arm\Packs\ARM\CMSIS-DSP\1.14.2\Source\MatrixFunctions\MatrixFunctions.c 0x00000000   Number         0  matrixfunctions.o ABSOLUTE
    C:\Users\User\AppData\Local\Arm\Packs\ARM\CMSIS-DSP\1.14.2\Source\MatrixFunctions\MatrixFunctionsF16.c 0x00000000   Number         0  matrixfunctionsf16.o ABSOLUTE
    C:\Users\User\AppData\Local\Arm\Packs\ARM\CMSIS-DSP\1.14.2\Source\QuaternionMathFunctions\QuaternionMathFunctions.c 0x00000000   Number         0  quaternionmathfunctions.o ABSOLUTE
    C:\Users\User\AppData\Local\Arm\Packs\ARM\CMSIS-DSP\1.14.2\Source\SVMFunctions\SVMFunctions.c 0x00000000   Number         0  svmfunctions.o ABSOLUTE
    C:\Users\User\AppData\Local\Arm\Packs\ARM\CMSIS-DSP\1.14.2\Source\SVMFunctions\SVMFunctionsF16.c 0x00000000   Number         0  svmfunctionsf16.o ABSOLUTE
    C:\Users\User\AppData\Local\Arm\Packs\ARM\CMSIS-DSP\1.14.2\Source\StatisticsFunctions\StatisticsFunctions.c 0x00000000   Number         0  statisticsfunctions.o ABSOLUTE
    C:\Users\User\AppData\Local\Arm\Packs\ARM\CMSIS-DSP\1.14.2\Source\StatisticsFunctions\StatisticsFunctionsF16.c 0x00000000   Number         0  statisticsfunctionsf16.o ABSOLUTE
    C:\Users\User\AppData\Local\Arm\Packs\ARM\CMSIS-DSP\1.14.2\Source\SupportFunctions\SupportFunctions.c 0x00000000   Number         0  supportfunctions.o ABSOLUTE
    C:\Users\User\AppData\Local\Arm\Packs\ARM\CMSIS-DSP\1.14.2\Source\SupportFunctions\SupportFunctionsF16.c 0x00000000   Number         0  supportfunctionsf16.o ABSOLUTE
    C:\Users\User\AppData\Local\Arm\Packs\ARM\CMSIS-DSP\1.14.2\Source\TransformFunctions\TransformFunctions.c 0x00000000   Number         0  transformfunctions.o ABSOLUTE
    C:\Users\User\AppData\Local\Arm\Packs\ARM\CMSIS-DSP\1.14.2\Source\TransformFunctions\TransformFunctionsF16.c 0x00000000   Number         0  transformfunctionsf16.o ABSOLUTE
    RTE/Device/MKL05Z32xxx4/startup_MKL05Z4.s 0x00000000   Number         0  startup_mkl05z4.o ABSOLUTE
    RTE/Device/MKL05Z32xxx4/system_MKL05Z4.c 0x00000000   Number         0  system_mkl05z4.o ABSOLUTE
    RTE\Device\MKL05Z32xxx4\system_MKL05Z4.c 0x00000000   Number         0  system_mkl05z4.o ABSOLUTE
    control.c                                0x00000000   Number         0  control.o ABSOLUTE
    control.c                                0x00000000   Number         0  control.o ABSOLUTE
    dc.s                                     0x00000000   Number         0  dc.o ABSOLUTE
    functions.c                              0x00000000   Number         0  functions.o ABSOLUTE
    functions.c                              0x00000000   Number         0  functions.o ABSOLUTE
    i2c.c                                    0x00000000   Number         0  i2c.o ABSOLUTE
    i2c.c                                    0x00000000   Number         0  i2c.o ABSOLUTE
    lcd1602.c                                0x00000000   Number         0  lcd1602.o ABSOLUTE
    lcd1602.c                                0x00000000   Number         0  lcd1602.o ABSOLUTE
    led.c                                    0x00000000   Number         0  led.o ABSOLUTE
    led.c                                    0x00000000   Number         0  led.o ABSOLUTE
    main.c                                   0x00000000   Number         0  main.o ABSOLUTE
    main.c                                   0x00000000   Number         0  main.o ABSOLUTE
    pit.c                                    0x00000000   Number         0  pit.o ABSOLUTE
    pit.c                                    0x00000000   Number         0  pit.o ABSOLUTE
    uart.c                                   0x00000000   Number         0  uart.o ABSOLUTE
    uart.c                                   0x00000000   Number         0  uart.o ABSOLUTE
    !!!main                                  0x000000c0   Section        8  __main.o(!!!main)
    !!!scatter                               0x000000c8   Section       60  __scatter.o(!!!scatter)
    !!handler_copy                           0x00000104   Section       26  __scatter_copy.o(!!handler_copy)
    !!handler_zi                             0x00000120   Section       28  __scatter_zi.o(!!handler_zi)
    .ARM.Collect$$_printf_percent$$00000000  0x0000013c   Section        2  _printf_percent.o(.ARM.Collect$$_printf_percent$$00000000)
    .ARM.Collect$$_printf_percent$$00000003  0x0000013e   Section       10  _printf_f.o(.ARM.Collect$$_printf_percent$$00000003)
    .ARM.Collect$$_printf_percent$$00000008  0x00000148   Section       10  _printf_i.o(.ARM.Collect$$_printf_percent$$00000008)
    .ARM.Collect$$_printf_percent$$00000017  0x00000152   Section        4  _printf_percent_end.o(.ARM.Collect$$_printf_percent$$00000017)
    .ARM.Collect$$libinit$$00000000          0x00000156   Section        2  libinit.o(.ARM.Collect$$libinit$$00000000)
    .ARM.Collect$$libinit$$00000002          0x00000158   Section        0  libinit2.o(.ARM.Collect$$libinit$$00000002)
    .ARM.Collect$$libinit$$00000004          0x00000158   Section        0  libinit2.o(.ARM.Collect$$libinit$$00000004)
    .ARM.Collect$$libinit$$0000000A          0x00000158   Section        0  libinit2.o(.ARM.Collect$$libinit$$0000000A)
    .ARM.Collect$$libinit$$0000000C          0x00000158   Section        0  libinit2.o(.ARM.Collect$$libinit$$0000000C)
    .ARM.Collect$$libinit$$0000000E          0x00000158   Section        0  libinit2.o(.ARM.Collect$$libinit$$0000000E)
    .ARM.Collect$$libinit$$0000000F          0x00000158   Section        6  libinit2.o(.ARM.Collect$$libinit$$0000000F)
    .ARM.Collect$$libinit$$00000011          0x0000015e   Section        0  libinit2.o(.ARM.Collect$$libinit$$00000011)
    .ARM.Collect$$libinit$$00000013          0x0000015e   Section        0  libinit2.o(.ARM.Collect$$libinit$$00000013)
    .ARM.Collect$$libinit$$00000015          0x0000015e   Section        0  libinit2.o(.ARM.Collect$$libinit$$00000015)
    .ARM.Collect$$libinit$$00000016          0x0000015e   Section       10  libinit2.o(.ARM.Collect$$libinit$$00000016)
    .ARM.Collect$$libinit$$00000017          0x00000168   Section        0  libinit2.o(.ARM.Collect$$libinit$$00000017)
    .ARM.Collect$$libinit$$00000019          0x00000168   Section        0  libinit2.o(.ARM.Collect$$libinit$$00000019)
    .ARM.Collect$$libinit$$0000001B          0x00000168   Section        0  libinit2.o(.ARM.Collect$$libinit$$0000001B)
    .ARM.Collect$$libinit$$0000001D          0x00000168   Section        0  libinit2.o(.ARM.Collect$$libinit$$0000001D)
    .ARM.Collect$$libinit$$0000001F          0x00000168   Section        0  libinit2.o(.ARM.Collect$$libinit$$0000001F)
    .ARM.Collect$$libinit$$00000021          0x00000168   Section        0  libinit2.o(.ARM.Collect$$libinit$$00000021)
    .ARM.Collect$$libinit$$00000023          0x00000168   Section        0  libinit2.o(.ARM.Collect$$libinit$$00000023)
    .ARM.Collect$$libinit$$00000025          0x00000168   Section        0  libinit2.o(.ARM.Collect$$libinit$$00000025)
    .ARM.Collect$$libinit$$0000002C          0x00000168   Section        0  libinit2.o(.ARM.Collect$$libinit$$0000002C)
    .ARM.Collect$$libinit$$0000002E          0x00000168   Section        0  libinit2.o(.ARM.Collect$$libinit$$0000002E)
    .ARM.Collect$$libinit$$00000030          0x00000168   Section        0  libinit2.o(.ARM.Collect$$libinit$$00000030)
    .ARM.Collect$$libinit$$00000032          0x00000168   Section        0  libinit2.o(.ARM.Collect$$libinit$$00000032)
    .ARM.Collect$$libinit$$00000033          0x00000168   Section        2  libinit2.o(.ARM.Collect$$libinit$$00000033)
    .ARM.Collect$$libshutdown$$00000000      0x0000016a   Section        2  libshutdown.o(.ARM.Collect$$libshutdown$$00000000)
    .ARM.Collect$$libshutdown$$00000002      0x0000016c   Section        0  libshutdown2.o(.ARM.Collect$$libshutdown$$00000002)
    .ARM.Collect$$libshutdown$$00000004      0x0000016c   Section        0  libshutdown2.o(.ARM.Collect$$libshutdown$$00000004)
    .ARM.Collect$$libshutdown$$00000006      0x0000016c   Section        0  libshutdown2.o(.ARM.Collect$$libshutdown$$00000006)
    .ARM.Collect$$libshutdown$$00000009      0x0000016c   Section        0  libshutdown2.o(.ARM.Collect$$libshutdown$$00000009)
    .ARM.Collect$$libshutdown$$0000000C      0x0000016c   Section        0  libshutdown2.o(.ARM.Collect$$libshutdown$$0000000C)
    .ARM.Collect$$libshutdown$$0000000E      0x0000016c   Section        0  libshutdown2.o(.ARM.Collect$$libshutdown$$0000000E)
    .ARM.Collect$$libshutdown$$00000011      0x0000016c   Section        0  libshutdown2.o(.ARM.Collect$$libshutdown$$00000011)
    .ARM.Collect$$libshutdown$$00000012      0x0000016c   Section        2  libshutdown2.o(.ARM.Collect$$libshutdown$$00000012)
    .ARM.Collect$$rtentry$$00000000          0x0000016e   Section        0  __rtentry.o(.ARM.Collect$$rtentry$$00000000)
    .ARM.Collect$$rtentry$$00000002          0x0000016e   Section        0  __rtentry2.o(.ARM.Collect$$rtentry$$00000002)
    .ARM.Collect$$rtentry$$00000004          0x0000016e   Section        6  __rtentry4.o(.ARM.Collect$$rtentry$$00000004)
    .ARM.Collect$$rtentry$$00000009          0x00000174   Section        0  __rtentry2.o(.ARM.Collect$$rtentry$$00000009)
    .ARM.Collect$$rtentry$$0000000A          0x00000174   Section        4  __rtentry2.o(.ARM.Collect$$rtentry$$0000000A)
    .ARM.Collect$$rtentry$$0000000C          0x00000178   Section        0  __rtentry2.o(.ARM.Collect$$rtentry$$0000000C)
    .ARM.Collect$$rtentry$$0000000D          0x00000178   Section        8  __rtentry2.o(.ARM.Collect$$rtentry$$0000000D)
    .ARM.Collect$$rtexit$$00000000           0x00000180   Section        2  rtexit.o(.ARM.Collect$$rtexit$$00000000)
    .ARM.Collect$$rtexit$$00000002           0x00000182   Section        0  rtexit2.o(.ARM.Collect$$rtexit$$00000002)
    .ARM.Collect$$rtexit$$00000003           0x00000182   Section        4  rtexit2.o(.ARM.Collect$$rtexit$$00000003)
    .ARM.Collect$$rtexit$$00000004           0x00000186   Section        6  rtexit2.o(.ARM.Collect$$rtexit$$00000004)
    .text                                    0x0000018c   Section       52  startup_mkl05z4.o(.text)
    .text                                    0x000001c0   Section        0  noretval__2sprintf.o(.text)
    .text                                    0x000001e8   Section        0  _printf_pad.o(.text)
    .text                                    0x00000238   Section        0  _printf_dec.o(.text)
    .text                                    0x000002a4   Section        0  __printf_flags_wp.o(.text)
    .text                                    0x000003dc   Section        0  heapauxi.o(.text)
    .text                                    0x000003e2   Section        0  _sputc.o(.text)
    .text                                    0x000003ec   Section        8  rt_locale_intlibspace.o(.text)
    .text                                    0x000003f4   Section        8  libspace.o(.text)
    .text                                    0x000003fc   Section        2  use_no_semi.o(.text)
    .text                                    0x000003fe   Section        0  indicate_semi.o(.text)
    x$fpl$usenofp                            0x000003fe   Section        0  usenofp.o(x$fpl$usenofp)
    .ARM.__at_0x400                          0x00000400   Section       16  startup_mkl05z4.o(.ARM.__at_0x400)
    .text                                    0x00000410   Section        0  strlen.o(.text)
    .text                                    0x00000454   Section      346  aeabi_sdiv.o(.text)
    .text                                    0x000005b0   Section        0  d2f.o(.text)
    .text                                    0x0000062c   Section        0  ddiv.o(.text)
    .text                                    0x00000a74   Section        0  dfixui.o(.text)
    .text                                    0x00000abc   Section        0  dflti.o(.text)
    .text                                    0x00000b14   Section        0  dmul.o(.text)
    .text                                    0x00000d5c   Section        0  f2d.o(.text)
    .text                                    0x00000db0   Section        0  fdiv.o(.text)
    .text                                    0x00000f10   Section        0  fflti.o(.text)
    .text                                    0x00000f6e   Section        0  _printf_intcommon.o(.text)
    .text                                    0x00001020   Section        0  _printf_fp_dec.o(.text)
    _fp_digits                               0x00001023   Thumb Code   412  _printf_fp_dec.o(.text)
    .text                                    0x00001438   Section        0  _printf_char_common.o(.text)
    _printf_input_char                       0x00001439   Thumb Code    10  _printf_char_common.o(.text)
    .text                                    0x00001468   Section        0  rtudiv10.o(.text)
    .text                                    0x00001490   Section        0  lludiv10.o(.text)
    .text                                    0x0000150c   Section        0  _printf_fp_infnan.o(.text)
    .text                                    0x00001594   Section        0  bigflt0.o(.text)
    .text                                    0x0000166c   Section        0  btod.o(.text)
    btod_internal_mul                        0x000016ad   Thumb Code   492  btod.o(.text)
    btod_internal_div                        0x00001899   Thumb Code   520  btod.o(.text)
    .text                                    0x00001bec   Section       62  sys_stackheap_outer.o(.text)
    .text                                    0x00001c2a   Section        0  exit.o(.text)
    .text                                    0x00001c3c   Section        0  strcmp.o(.text)
    .text                                    0x00001cc4   Section        0  sys_exit.o(.text)
    i.ADC0_IRQHandler                        0x00001cd0   Section        0  functions.o(i.ADC0_IRQHandler)
    i.ADC_Init                               0x00001d98   Section        0  adc.o(i.ADC_Init)
    i.I2C_Init                               0x00001ecc   Section        0  i2c.o(i.I2C_Init)
    i.I2C_ReadRegBlock                       0x00001f3c   Section        0  i2c.o(i.I2C_ReadRegBlock)
    i.I2C_Write                              0x00001fcc   Section        0  i2c.o(i.I2C_Write)
    i.I2C_WriteReg                           0x0000200c   Section        0  i2c.o(i.I2C_WriteReg)
    i.Init_all                               0x00002058   Section        0  functions.o(i.Init_all)
    i.PIT_IRQHandler                         0x000020f8   Section        0  pit.o(i.PIT_IRQHandler)
    i.PIT_Init                               0x0000210c   Section        0  pit.o(i.PIT_Init)
    i.SystemInit                             0x00002184   Section        0  system_mkl05z4.o(i.SystemInit)
    i.UART0_IRQHandler                       0x000021e0   Section        0  main.o(i.UART0_IRQHandler)
    i.UART_Init                              0x00002284   Section        0  uart.o(i.UART_Init)
    i.UART_Print                             0x00002358   Section        0  uart.o(i.UART_Print)
    i.UART_Println                           0x00002374   Section        0  uart.o(i.UART_Println)
    i.__ARM_common_ll_muluu                  0x0000238c   Section        0  fastmathfunctions.o(i.__ARM_common_ll_muluu)
    i.__ARM_fpclassify                       0x000023bc   Section        0  fpclassify.o(i.__ARM_fpclassify)
    i.__NVIC_ClearPendingIRQ                 0x000023e8   Section        0  pit.o(i.__NVIC_ClearPendingIRQ)
    __NVIC_ClearPendingIRQ                   0x000023e9   Thumb Code    18  pit.o(i.__NVIC_ClearPendingIRQ)
    i._is_digit                              0x00002400   Section        0  __printf_wp.o(i._is_digit)
    i.control_Init                           0x00002410   Section        0  control.o(i.control_Init)
    i.czyZawieraLitere                       0x000025a8   Section        0  functions.o(i.czyZawieraLitere)
    i.i2c_ack                                0x000025c4   Section        0  i2c.o(i.i2c_ack)
    i.i2c_disable                            0x000025d8   Section        0  i2c.o(i.i2c_disable)
    i.i2c_enable                             0x000025ec   Section        0  i2c.o(i.i2c_enable)
    i.i2c_m_rstart                           0x00002600   Section        0  i2c.o(i.i2c_m_rstart)
    i.i2c_m_start                            0x00002620   Section        0  i2c.o(i.i2c_m_start)
    i.i2c_m_stop                             0x00002634   Section        0  i2c.o(i.i2c_m_stop)
    i.i2c_nack                               0x00002648   Section        0  i2c.o(i.i2c_nack)
    i.i2c_rec                                0x0000265c   Section        0  i2c.o(i.i2c_rec)
    i.i2c_recv                               0x00002670   Section        0  i2c.o(i.i2c_recv)
    i.i2c_send                               0x0000267c   Section        0  i2c.o(i.i2c_send)
    i.i2c_tran                               0x00002688   Section        0  i2c.o(i.i2c_tran)
    i.i2c_wait                               0x0000269c   Section        0  i2c.o(i.i2c_wait)
    i.main                                   0x00002710   Section        0  main.o(i.main)
    i.measurement                            0x00002848   Section        0  functions.o(i.measurement)
    i.measurement2                           0x0000291c   Section        0  functions.o(i.measurement2)
    i.move_backward                          0x000029cc   Section        0  control.o(i.move_backward)
    i.move_foward                            0x00002a80   Section        0  control.o(i.move_foward)
    i.rozpoznajKomendy                       0x00002b34   Section        0  functions.o(i.rozpoznajKomendy)
    i.send_result                            0x00002e24   Section        0  functions.o(i.send_result)
    i.set_comand                             0x00002f40   Section        0  functions.o(i.set_comand)
    i.stop                                   0x00002f78   Section        0  control.o(i.stop)
    i.turn_left                              0x00002fb8   Section        0  control.o(i.turn_left)
    i.turn_right                             0x00003034   Section        0  control.o(i.turn_right)
    i.uart_send                              0x000030b0   Section        0  uart.o(i.uart_send)
    i.wyodrebnijLiczbe                       0x000030c8   Section        0  functions.o(i.wyodrebnijLiczbe)
    locale$$code                             0x000030f0   Section       44  lc_numeric_c.o(locale$$code)
    x$fpl$fadd                               0x0000311c   Section      140  faddsub.o(x$fpl$fadd)
    _fadd1                                   0x00003129   Thumb Code     0  faddsub.o(x$fpl$fadd)
    x$fpl$fmul                               0x000031a8   Section      176  fmul.o(x$fpl$fmul)
    x$fpl$frsb                               0x00003258   Section       24  faddsub.o(x$fpl$frsb)
    x$fpl$fsub                               0x00003270   Section      208  faddsub.o(x$fpl$fsub)
    _fsub1                                   0x0000327d   Thumb Code     0  faddsub.o(x$fpl$fsub)
    x$fpl$printf1                            0x00003340   Section       16  printf1.o(x$fpl$printf1)
    .constdata                               0x00003350   Section       17  __printf_flags_wp.o(.constdata)
    maptable                                 0x00003350   Data          17  __printf_flags_wp.o(.constdata)
    .constdata                               0x00003361   Section      128  ddiv.o(.constdata)
    ddiv_reciptbl                            0x00003361   Data         128  ddiv.o(.constdata)
    .constdata                               0x000033e1   Section       64  fdiv.o(.constdata)
    fdiv_tab                                 0x000033e1   Data          64  fdiv.o(.constdata)
    .constdata                               0x00003424   Section      148  bigflt0.o(.constdata)
    tenpwrs_x                                0x00003424   Data          60  bigflt0.o(.constdata)
    tenpwrs_i                                0x00003460   Data          64  bigflt0.o(.constdata)
    .conststring                             0x000034b8   Section      635  functions.o(.conststring)
    locale$$data                             0x00003754   Section       28  lc_numeric_c.o(locale$$data)
    __lcnum_c_name                           0x00003758   Data           2  lc_numeric_c.o(locale$$data)
    __lcnum_c_start                          0x00003760   Data           0  lc_numeric_c.o(locale$$data)
    __lcnum_c_point                          0x0000376c   Data           0  lc_numeric_c.o(locale$$data)
    __lcnum_c_thousands                      0x0000376e   Data           0  lc_numeric_c.o(locale$$data)
    __lcnum_c_grouping                       0x0000376f   Data           0  lc_numeric_c.o(locale$$data)
    __lcnum_c_end                            0x00003770   Data           0  lc_numeric_c.o(locale$$data)
    .data                                    0x1ffffc00   Section       35  main.o(.data)
    .data                                    0x1ffffc24   Section        4  pit.o(.data)
    .data                                    0x1ffffc28   Section        4  i2c.o(.data)
    error                                    0x1ffffc28   Data           1  i2c.o(.data)
    timeout                                  0x1ffffc2a   Data           2  i2c.o(.data)
    .data                                    0x1ffffc2c   Section        4  control.o(.data)
    .data                                    0x1ffffc30   Section      113  functions.o(.data)
    msTicks                                  0x1ffffc30   Data           1  functions.o(.data)
    arrayXYZ                                 0x1ffffc31   Data           6  functions.o(.data)
    .data                                    0x1ffffca4   Section        4  system_mkl05z4.o(.data)
    .bss                                     0x1ffffca8   Section       99  main.o(.bss)
    .bss                                     0x1ffffd0b   Section       99  functions.o(.bss)
    temp                                     0x1ffffd0b   Data          99  functions.o(.bss)
    .bss                                     0x1ffffd70   Section       96  libspace.o(.bss)
    HEAP                                     0x1ffffdd0   Section        0  startup_mkl05z4.o(HEAP)
    STACK                                    0x1ffffdd0   Section      768  startup_mkl05z4.o(STACK)
    Heap_Mem                                 0x1ffffdd0   Data           0  startup_mkl05z4.o(HEAP)
    Stack_Mem                                0x1ffffdd0   Data         768  startup_mkl05z4.o(STACK)
    __initial_sp                             0x200000d0   Data           0  startup_mkl05z4.o(STACK)

    Global Symbols

    Symbol Name                              Value     Ov Type        Size  Object(Section)

    BuildAttributes$$THM_ISAv3M$S$PE$A:L22$X:L11$S22$IEEE1$IW$USESV6$~STKCKD$USESV7$~SHL$OTIME$ROPI$IEEEX$EBA8$UX$STANDARDLIB$REQ8$PRES8$EABIv2 0x00000000   Number         0  anon$$obj.o ABSOLUTE
    __ARM_use_no_argv                        0x00000000   Number         0  main.o ABSOLUTE
    __Vectors                                0x00000000   Data           4  startup_mkl05z4.o(RESET)
    _printf_flags                            0x00000000   Number         0  printf_stubs.o ABSOLUTE
    _printf_return_value                     0x00000000   Number         0  printf_stubs.o ABSOLUTE
    _printf_sizespec                         0x00000000   Number         0  printf_stubs.o ABSOLUTE
    _printf_widthprec                        0x00000000   Number         0  printf_stubs.o ABSOLUTE
    __ARM_exceptions_init                     - Undefined Weak Reference
    __alloca_initialize                       - Undefined Weak Reference
    __arm_fini_                               - Undefined Weak Reference
    __arm_preinit_                            - Undefined Weak Reference
    __cpp_initialize__aeabi_                  - Undefined Weak Reference
    __cxa_finalize                            - Undefined Weak Reference
    __sigvec_lookup                           - Undefined Weak Reference
    _atexit_init                              - Undefined Weak Reference
    _call_atexit_fns                          - Undefined Weak Reference
    _clock_init                               - Undefined Weak Reference
    _fp_trap_init                             - Undefined Weak Reference
    _fp_trap_shutdown                         - Undefined Weak Reference
    _get_lc_collate                           - Undefined Weak Reference
    _get_lc_ctype                             - Undefined Weak Reference
    _get_lc_monetary                          - Undefined Weak Reference
    _get_lc_time                              - Undefined Weak Reference
    _getenv_init                              - Undefined Weak Reference
    _handle_redirection                       - Undefined Weak Reference
    _init_alloc                               - Undefined Weak Reference
    _init_user_alloc                          - Undefined Weak Reference
    _initio                                   - Undefined Weak Reference
    _printf_truncate_signed                   - Undefined Weak Reference
    _printf_truncate_unsigned                 - Undefined Weak Reference
    _rand_init                                - Undefined Weak Reference
    _signal_finish                            - Undefined Weak Reference
    _signal_init                              - Undefined Weak Reference
    _terminate_alloc                          - Undefined Weak Reference
    _terminate_user_alloc                     - Undefined Weak Reference
    _terminateio                              - Undefined Weak Reference
    __Vectors_End                            0x000000c0   Data           0  startup_mkl05z4.o(RESET)
    __Vectors_Size                           0x000000c0   Number         0  startup_mkl05z4.o ABSOLUTE
    __main                                   0x000000c1   Thumb Code     8  __main.o(!!!main)
    __scatterload                            0x000000c9   Thumb Code     0  __scatter.o(!!!scatter)
    __scatterload_rt2                        0x000000c9   Thumb Code    52  __scatter.o(!!!scatter)
    __scatterload_rt2_thumb_only             0x000000c9   Thumb Code     0  __scatter.o(!!!scatter)
    __scatterload_null                       0x000000d9   Thumb Code     0  __scatter.o(!!!scatter)
    __scatterload_copy                       0x00000105   Thumb Code    26  __scatter_copy.o(!!handler_copy)
    __scatterload_zeroinit                   0x00000121   Thumb Code    28  __scatter_zi.o(!!handler_zi)
    _printf_percent                          0x0000013d   Thumb Code     0  _printf_percent.o(.ARM.Collect$$_printf_percent$$00000000)
    _printf_f                                0x0000013f   Thumb Code     0  _printf_f.o(.ARM.Collect$$_printf_percent$$00000003)
    _printf_i                                0x00000149   Thumb Code     0  _printf_i.o(.ARM.Collect$$_printf_percent$$00000008)
    _printf_percent_end                      0x00000153   Thumb Code     0  _printf_percent_end.o(.ARM.Collect$$_printf_percent$$00000017)
    __rt_lib_init                            0x00000157   Thumb Code     0  libinit.o(.ARM.Collect$$libinit$$00000000)
    __rt_lib_init_fp_1                       0x00000159   Thumb Code     0  libinit2.o(.ARM.Collect$$libinit$$00000002)
    __rt_lib_init_heap_1                     0x00000159   Thumb Code     0  libinit2.o(.ARM.Collect$$libinit$$0000000A)
    __rt_lib_init_lc_common                  0x00000159   Thumb Code     0  libinit2.o(.ARM.Collect$$libinit$$0000000F)
    __rt_lib_init_preinit_1                  0x00000159   Thumb Code     0  libinit2.o(.ARM.Collect$$libinit$$00000004)
    __rt_lib_init_rand_1                     0x00000159   Thumb Code     0  libinit2.o(.ARM.Collect$$libinit$$0000000E)
    __rt_lib_init_user_alloc_1               0x00000159   Thumb Code     0  libinit2.o(.ARM.Collect$$libinit$$0000000C)
    __rt_lib_init_lc_collate_1               0x0000015f   Thumb Code     0  libinit2.o(.ARM.Collect$$libinit$$00000011)
    __rt_lib_init_lc_ctype_1                 0x0000015f   Thumb Code     0  libinit2.o(.ARM.Collect$$libinit$$00000013)
    __rt_lib_init_lc_monetary_1              0x0000015f   Thumb Code     0  libinit2.o(.ARM.Collect$$libinit$$00000015)
    __rt_lib_init_lc_numeric_2               0x0000015f   Thumb Code     0  libinit2.o(.ARM.Collect$$libinit$$00000016)
    __rt_lib_init_alloca_1                   0x00000169   Thumb Code     0  libinit2.o(.ARM.Collect$$libinit$$0000002E)
    __rt_lib_init_argv_1                     0x00000169   Thumb Code     0  libinit2.o(.ARM.Collect$$libinit$$0000002C)
    __rt_lib_init_atexit_1                   0x00000169   Thumb Code     0  libinit2.o(.ARM.Collect$$libinit$$0000001B)
    __rt_lib_init_clock_1                    0x00000169   Thumb Code     0  libinit2.o(.ARM.Collect$$libinit$$00000021)
    __rt_lib_init_cpp_1                      0x00000169   Thumb Code     0  libinit2.o(.ARM.Collect$$libinit$$00000032)
    __rt_lib_init_exceptions_1               0x00000169   Thumb Code     0  libinit2.o(.ARM.Collect$$libinit$$00000030)
    __rt_lib_init_fp_trap_1                  0x00000169   Thumb Code     0  libinit2.o(.ARM.Collect$$libinit$$0000001F)
    __rt_lib_init_getenv_1                   0x00000169   Thumb Code     0  libinit2.o(.ARM.Collect$$libinit$$00000023)
    __rt_lib_init_lc_numeric_1               0x00000169   Thumb Code     0  libinit2.o(.ARM.Collect$$libinit$$00000017)
    __rt_lib_init_lc_time_1                  0x00000169   Thumb Code     0  libinit2.o(.ARM.Collect$$libinit$$00000019)
    __rt_lib_init_return                     0x00000169   Thumb Code     0  libinit2.o(.ARM.Collect$$libinit$$00000033)
    __rt_lib_init_signal_1                   0x00000169   Thumb Code     0  libinit2.o(.ARM.Collect$$libinit$$0000001D)
    __rt_lib_init_stdio_1                    0x00000169   Thumb Code     0  libinit2.o(.ARM.Collect$$libinit$$00000025)
    __rt_lib_shutdown                        0x0000016b   Thumb Code     0  libshutdown.o(.ARM.Collect$$libshutdown$$00000000)
    __rt_lib_shutdown_cpp_1                  0x0000016d   Thumb Code     0  libshutdown2.o(.ARM.Collect$$libshutdown$$00000004)
    __rt_lib_shutdown_fini_1                 0x0000016d   Thumb Code     0  libshutdown2.o(.ARM.Collect$$libshutdown$$00000002)
    __rt_lib_shutdown_fp_trap_1              0x0000016d   Thumb Code     0  libshutdown2.o(.ARM.Collect$$libshutdown$$00000009)
    __rt_lib_shutdown_heap_1                 0x0000016d   Thumb Code     0  libshutdown2.o(.ARM.Collect$$libshutdown$$00000011)
    __rt_lib_shutdown_return                 0x0000016d   Thumb Code     0  libshutdown2.o(.ARM.Collect$$libshutdown$$00000012)
    __rt_lib_shutdown_signal_1               0x0000016d   Thumb Code     0  libshutdown2.o(.ARM.Collect$$libshutdown$$0000000C)
    __rt_lib_shutdown_stdio_1                0x0000016d   Thumb Code     0  libshutdown2.o(.ARM.Collect$$libshutdown$$00000006)
    __rt_lib_shutdown_user_alloc_1           0x0000016d   Thumb Code     0  libshutdown2.o(.ARM.Collect$$libshutdown$$0000000E)
    __rt_entry                               0x0000016f   Thumb Code     0  __rtentry.o(.ARM.Collect$$rtentry$$00000000)
    __rt_entry_presh_1                       0x0000016f   Thumb Code     0  __rtentry2.o(.ARM.Collect$$rtentry$$00000002)
    __rt_entry_sh                            0x0000016f   Thumb Code     0  __rtentry4.o(.ARM.Collect$$rtentry$$00000004)
    __rt_entry_li                            0x00000175   Thumb Code     0  __rtentry2.o(.ARM.Collect$$rtentry$$0000000A)
    __rt_entry_postsh_1                      0x00000175   Thumb Code     0  __rtentry2.o(.ARM.Collect$$rtentry$$00000009)
    __rt_entry_main                          0x00000179   Thumb Code     0  __rtentry2.o(.ARM.Collect$$rtentry$$0000000D)
    __rt_entry_postli_1                      0x00000179   Thumb Code     0  __rtentry2.o(.ARM.Collect$$rtentry$$0000000C)
    __rt_exit                                0x00000181   Thumb Code     0  rtexit.o(.ARM.Collect$$rtexit$$00000000)
    __rt_exit_ls                             0x00000183   Thumb Code     0  rtexit2.o(.ARM.Collect$$rtexit$$00000003)
    __rt_exit_prels_1                        0x00000183   Thumb Code     0  rtexit2.o(.ARM.Collect$$rtexit$$00000002)
    __rt_exit_exit                           0x00000187   Thumb Code     0  rtexit2.o(.ARM.Collect$$rtexit$$00000004)
    Reset_Handler                            0x0000018d   Thumb Code     8  startup_mkl05z4.o(.text)
    NMI_Handler                              0x00000195   Thumb Code     2  startup_mkl05z4.o(.text)
    HardFault_Handler                        0x00000197   Thumb Code     2  startup_mkl05z4.o(.text)
    SVC_Handler                              0x00000199   Thumb Code     2  startup_mkl05z4.o(.text)
    PendSV_Handler                           0x0000019b   Thumb Code     2  startup_mkl05z4.o(.text)
    SysTick_Handler                          0x0000019d   Thumb Code     2  startup_mkl05z4.o(.text)
    CMP0_IRQHandler                          0x0000019f   Thumb Code     0  startup_mkl05z4.o(.text)
    DAC0_IRQHandler                          0x0000019f   Thumb Code     0  startup_mkl05z4.o(.text)
    DMA0_IRQHandler                          0x0000019f   Thumb Code     0  startup_mkl05z4.o(.text)
    DMA1_IRQHandler                          0x0000019f   Thumb Code     0  startup_mkl05z4.o(.text)
    DMA2_IRQHandler                          0x0000019f   Thumb Code     0  startup_mkl05z4.o(.text)
    DMA3_IRQHandler                          0x0000019f   Thumb Code     0  startup_mkl05z4.o(.text)
    DefaultISR                               0x0000019f   Thumb Code     0  startup_mkl05z4.o(.text)
    FTFA_IRQHandler                          0x0000019f   Thumb Code     0  startup_mkl05z4.o(.text)
    I2C0_IRQHandler                          0x0000019f   Thumb Code     0  startup_mkl05z4.o(.text)
    LLW_IRQHandler                           0x0000019f   Thumb Code     0  startup_mkl05z4.o(.text)
    LPTimer_IRQHandler                       0x0000019f   Thumb Code     0  startup_mkl05z4.o(.text)
    LVD_LVW_IRQHandler                       0x0000019f   Thumb Code     0  startup_mkl05z4.o(.text)
    MCG_IRQHandler                           0x0000019f   Thumb Code     0  startup_mkl05z4.o(.text)
    PORTA_IRQHandler                         0x0000019f   Thumb Code     0  startup_mkl05z4.o(.text)
    PORTB_IRQHandler                         0x0000019f   Thumb Code     0  startup_mkl05z4.o(.text)
    RTC_IRQHandler                           0x0000019f   Thumb Code     0  startup_mkl05z4.o(.text)
    RTC_Seconds_IRQHandler                   0x0000019f   Thumb Code     0  startup_mkl05z4.o(.text)
    Reserved20_IRQHandler                    0x0000019f   Thumb Code     0  startup_mkl05z4.o(.text)
    Reserved25_IRQHandler                    0x0000019f   Thumb Code     0  startup_mkl05z4.o(.text)
    Reserved27_IRQHandler                    0x0000019f   Thumb Code     0  startup_mkl05z4.o(.text)
    Reserved29_IRQHandler                    0x0000019f   Thumb Code     0  startup_mkl05z4.o(.text)
    Reserved30_IRQHandler                    0x0000019f   Thumb Code     0  startup_mkl05z4.o(.text)
    Reserved35_IRQHandler                    0x0000019f   Thumb Code     0  startup_mkl05z4.o(.text)
    Reserved39_IRQHandler                    0x0000019f   Thumb Code     0  startup_mkl05z4.o(.text)
    Reserved40_IRQHandler                    0x0000019f   Thumb Code     0  startup_mkl05z4.o(.text)
    Reserved45_IRQHandler                    0x0000019f   Thumb Code     0  startup_mkl05z4.o(.text)
    SPI0_IRQHandler                          0x0000019f   Thumb Code     0  startup_mkl05z4.o(.text)
    TPM0_IRQHandler                          0x0000019f   Thumb Code     0  startup_mkl05z4.o(.text)
    TPM1_IRQHandler                          0x0000019f   Thumb Code     0  startup_mkl05z4.o(.text)
    TSI0_IRQHandler                          0x0000019f   Thumb Code     0  startup_mkl05z4.o(.text)
    __user_initial_stackheap                 0x000001a1   Thumb Code     0  startup_mkl05z4.o(.text)
    __2sprintf                               0x000001c1   Thumb Code    36  noretval__2sprintf.o(.text)
    _printf_pre_padding                      0x000001e9   Thumb Code    44  _printf_pad.o(.text)
    _printf_post_padding                     0x00000215   Thumb Code    34  _printf_pad.o(.text)
    _printf_int_dec                          0x00000239   Thumb Code    90  _printf_dec.o(.text)
    __printf                                 0x000002a5   Thumb Code   306  __printf_flags_wp.o(.text)
    __use_two_region_memory                  0x000003dd   Thumb Code     2  heapauxi.o(.text)
    __rt_heap_escrow$2region                 0x000003df   Thumb Code     2  heapauxi.o(.text)
    __rt_heap_expand$2region                 0x000003e1   Thumb Code     2  heapauxi.o(.text)
    _sputc                                   0x000003e3   Thumb Code    10  _sputc.o(.text)
    __rt_locale                              0x000003ed   Thumb Code     8  rt_locale_intlibspace.o(.text)
    __user_libspace                          0x000003f5   Thumb Code     8  libspace.o(.text)
    __user_perproc_libspace                  0x000003f5   Thumb Code     0  libspace.o(.text)
    __user_perthread_libspace                0x000003f5   Thumb Code     0  libspace.o(.text)
    __I$use$semihosting                      0x000003fd   Thumb Code     0  use_no_semi.o(.text)
    __use_no_semihosting_swi                 0x000003fd   Thumb Code     2  use_no_semi.o(.text)
    __I$use$fp                               0x000003fe   Number         0  usenofp.o(x$fpl$usenofp)
    __semihosting_library_function           0x000003ff   Thumb Code     0  indicate_semi.o(.text)
    strlen                                   0x00000411   Thumb Code    62  strlen.o(.text)
    __aeabi_uidiv                            0x00000455   Thumb Code     0  aeabi_sdiv.o(.text)
    __aeabi_uidivmod                         0x00000455   Thumb Code    20  aeabi_sdiv.o(.text)
    __aeabi_idiv                             0x00000469   Thumb Code     0  aeabi_sdiv.o(.text)
    __aeabi_idivmod                          0x00000469   Thumb Code   326  aeabi_sdiv.o(.text)
    __aeabi_d2f                              0x000005b1   Thumb Code     0  d2f.o(.text)
    _d2f                                     0x000005b1   Thumb Code   120  d2f.o(.text)
    __aeabi_ddiv                             0x0000062d   Thumb Code     0  ddiv.o(.text)
    _ddiv                                    0x0000062d   Thumb Code  1072  ddiv.o(.text)
    _drdiv                                   0x00000a5d   Thumb Code    20  ddiv.o(.text)
    __aeabi_d2uiz                            0x00000a75   Thumb Code     0  dfixui.o(.text)
    _dfixu                                   0x00000a75   Thumb Code    68  dfixui.o(.text)
    __aeabi_i2d_normalise                    0x00000abd   Thumb Code    66  dflti.o(.text)
    __aeabi_i2d                              0x00000aff   Thumb Code    16  dflti.o(.text)
    _dflt                                    0x00000aff   Thumb Code     0  dflti.o(.text)
    __aeabi_ui2d                             0x00000b0f   Thumb Code     6  dflti.o(.text)
    _dfltu                                   0x00000b0f   Thumb Code     0  dflti.o(.text)
    __aeabi_dmul                             0x00000b15   Thumb Code     0  dmul.o(.text)
    _dmul                                    0x00000b15   Thumb Code   558  dmul.o(.text)
    __aeabi_f2d                              0x00000d5d   Thumb Code     0  f2d.o(.text)
    _f2d                                     0x00000d5d   Thumb Code    80  f2d.o(.text)
    __aeabi_fdiv                             0x00000db1   Thumb Code     0  fdiv.o(.text)
    _fdiv                                    0x00000db1   Thumb Code   334  fdiv.o(.text)
    _frdiv                                   0x00000eff   Thumb Code     8  fdiv.o(.text)
    __aeabi_i2f_normalise                    0x00000f11   Thumb Code    72  fflti.o(.text)
    __aeabi_i2f                              0x00000f59   Thumb Code    16  fflti.o(.text)
    _fflt                                    0x00000f59   Thumb Code     0  fflti.o(.text)
    __aeabi_ui2f                             0x00000f69   Thumb Code     6  fflti.o(.text)
    _ffltu                                   0x00000f69   Thumb Code     0  fflti.o(.text)
    _printf_int_common                       0x00000f6f   Thumb Code   176  _printf_intcommon.o(.text)
    __lib_sel_fp_printf                      0x00001021   Thumb Code     2  _printf_fp_dec.o(.text)
    _printf_fp_dec_real                      0x000011bf   Thumb Code   620  _printf_fp_dec.o(.text)
    _printf_char_common                      0x00001443   Thumb Code    32  _printf_char_common.o(.text)
    __rt_udiv10                              0x00001469   Thumb Code    40  rtudiv10.o(.text)
    _ll_udiv10                               0x00001491   Thumb Code   122  lludiv10.o(.text)
    _printf_fp_infnan                        0x0000150d   Thumb Code   120  _printf_fp_infnan.o(.text)
    _btod_etento                             0x00001595   Thumb Code   210  bigflt0.o(.text)
    _btod_d2e                                0x0000166d   Thumb Code    64  btod.o(.text)
    _btod_emul                               0x00001aa1   Thumb Code    28  btod.o(.text)
    _btod_emuld                              0x00001abd   Thumb Code   144  btod.o(.text)
    _btod_ediv                               0x00001b4d   Thumb Code    26  btod.o(.text)
    _btod_edivd                              0x00001b67   Thumb Code   124  btod.o(.text)
    __user_setup_stackheap                   0x00001bed   Thumb Code    62  sys_stackheap_outer.o(.text)
    exit                                     0x00001c2b   Thumb Code    16  exit.o(.text)
    strcmp                                   0x00001c3d   Thumb Code   132  strcmp.o(.text)
    _sys_exit                                0x00001cc5   Thumb Code     8  sys_exit.o(.text)
    ADC0_IRQHandler                          0x00001cd1   Thumb Code   156  functions.o(i.ADC0_IRQHandler)
    ADC_Init                                 0x00001d99   Thumb Code   286  adc.o(i.ADC_Init)
    I2C_Init                                 0x00001ecd   Thumb Code    98  i2c.o(i.I2C_Init)
    I2C_ReadRegBlock                         0x00001f3d   Thumb Code   140  i2c.o(i.I2C_ReadRegBlock)
    I2C_Write                                0x00001fcd   Thumb Code    60  i2c.o(i.I2C_Write)
    I2C_WriteReg                             0x0000200d   Thumb Code    70  i2c.o(i.I2C_WriteReg)
    Init_all                                 0x00002059   Thumb Code    82  functions.o(i.Init_all)
    PIT_IRQHandler                           0x000020f9   Thumb Code    16  pit.o(i.PIT_IRQHandler)
    PIT_Init                                 0x0000210d   Thumb Code    94  pit.o(i.PIT_Init)
    SystemInit                               0x00002185   Thumb Code    78  system_mkl05z4.o(i.SystemInit)
    UART0_IRQHandler                         0x000021e1   Thumb Code   136  main.o(i.UART0_IRQHandler)
    UART_Init                                0x00002285   Thumb Code   192  uart.o(i.UART_Init)
    UART_Print                               0x00002359   Thumb Code    26  uart.o(i.UART_Print)
    UART_Println                             0x00002375   Thumb Code    18  uart.o(i.UART_Println)
    __ARM_common_ll_muluu                    0x0000238d   Thumb Code    48  fastmathfunctions.o(i.__ARM_common_ll_muluu)
    __ARM_fpclassify                         0x000023bd   Thumb Code    40  fpclassify.o(i.__ARM_fpclassify)
    _is_digit                                0x00002401   Thumb Code    14  __printf_wp.o(i._is_digit)
    control_Init                             0x00002411   Thumb Code   380  control.o(i.control_Init)
    czyZawieraLitere                         0x000025a9   Thumb Code    26  functions.o(i.czyZawieraLitere)
    i2c_ack                                  0x000025c5   Thumb Code    14  i2c.o(i.i2c_ack)
    i2c_disable                              0x000025d9   Thumb Code    14  i2c.o(i.i2c_disable)
    i2c_enable                               0x000025ed   Thumb Code    14  i2c.o(i.i2c_enable)
    i2c_m_rstart                             0x00002601   Thumb Code    28  i2c.o(i.i2c_m_rstart)
    i2c_m_start                              0x00002621   Thumb Code    14  i2c.o(i.i2c_m_start)
    i2c_m_stop                               0x00002635   Thumb Code    14  i2c.o(i.i2c_m_stop)
    i2c_nack                                 0x00002649   Thumb Code    14  i2c.o(i.i2c_nack)
    i2c_rec                                  0x0000265d   Thumb Code    14  i2c.o(i.i2c_rec)
    i2c_recv                                 0x00002671   Thumb Code     6  i2c.o(i.i2c_recv)
    i2c_send                                 0x0000267d   Thumb Code     6  i2c.o(i.i2c_send)
    i2c_tran                                 0x00002689   Thumb Code    14  i2c.o(i.i2c_tran)
    i2c_wait                                 0x0000269d   Thumb Code   100  i2c.o(i.i2c_wait)
    main                                     0x00002711   Thumb Code   182  main.o(i.main)
    measurement                              0x00002849   Thumb Code   162  functions.o(i.measurement)
    measurement2                             0x0000291d   Thumb Code   150  functions.o(i.measurement2)
    move_backward                            0x000029cd   Thumb Code   162  control.o(i.move_backward)
    move_foward                              0x00002a81   Thumb Code   162  control.o(i.move_foward)
    rozpoznajKomendy                         0x00002b35   Thumb Code   444  functions.o(i.rozpoznajKomendy)
    send_result                              0x00002e25   Thumb Code   148  functions.o(i.send_result)
    set_comand                               0x00002f41   Thumb Code    10  functions.o(i.set_comand)
    stop                                     0x00002f79   Thumb Code    58  control.o(i.stop)
    turn_left                                0x00002fb9   Thumb Code   114  control.o(i.turn_left)
    turn_right                               0x00003035   Thumb Code   114  control.o(i.turn_right)
    uart_send                                0x000030b1   Thumb Code    20  uart.o(i.uart_send)
    wyodrebnijLiczbe                         0x000030c9   Thumb Code    40  functions.o(i.wyodrebnijLiczbe)
    _get_lc_numeric                          0x000030f1   Thumb Code    44  lc_numeric_c.o(locale$$code)
    __aeabi_fadd                             0x0000311d   Thumb Code     0  faddsub.o(x$fpl$fadd)
    _fadd                                    0x0000311d   Thumb Code   134  faddsub.o(x$fpl$fadd)
    __aeabi_fmul                             0x000031a9   Thumb Code     0  fmul.o(x$fpl$fmul)
    _fmul                                    0x000031a9   Thumb Code   172  fmul.o(x$fpl$fmul)
    __aeabi_frsub                            0x00003259   Thumb Code     0  faddsub.o(x$fpl$frsb)
    _frsb                                    0x00003259   Thumb Code    24  faddsub.o(x$fpl$frsb)
    __aeabi_fsub                             0x00003271   Thumb Code     0  faddsub.o(x$fpl$fsub)
    _fsub                                    0x00003271   Thumb Code   204  faddsub.o(x$fpl$fsub)
    _printf_fp_dec                           0x00003341   Thumb Code    16  printf1.o(x$fpl$printf1)
    Region$$Table$$Base                      0x00003734   Number         0  anon$$obj.o(Region$$Table)
    Region$$Table$$Limit                     0x00003754   Number         0  anon$$obj.o(Region$$Table)
    cal_count                                0x1ffffc00   Data           2  main.o(.data)
    Error                                    0x1ffffc02   Data          12  main.o(.data)
    Too_Long                                 0x1ffffc0e   Data          16  main.o(.data)
    rx_buf_pos                               0x1ffffc1e   Data           1  main.o(.data)
    temp                                     0x1ffffc1f   Data           1  main.o(.data)
    buf                                      0x1ffffc20   Data           1  main.o(.data)
    rx_FULL                                  0x1ffffc21   Data           1  main.o(.data)
    too_long                                 0x1ffffc22   Data           1  main.o(.data)
    tsv                                      0x1ffffc24   Data           4  pit.o(.data)
    PWM_Enabled                              0x1ffffc2c   Data           1  control.o(.data)
    dc                                       0x1ffffc2e   Data           2  control.o(.data)
    result_adc0_ok                           0x1ffffc37   Data           1  functions.o(.data)
    result_light_ok                          0x1ffffc38   Data           1  functions.o(.data)
    result_temp_ok                           0x1ffffc39   Data           1  functions.o(.data)
    count_light                              0x1ffffc3a   Data           2  functions.o(.data)
    count_temp                               0x1ffffc3c   Data           2  functions.o(.data)
    m                                        0x1ffffc40   Data           4  functions.o(.data)
    u25                                      0x1ffffc44   Data           4  functions.o(.data)
    T                                        0x1ffffc48   Data           4  functions.o(.data)
    L                                        0x1ffffc4c   Data           4  functions.o(.data)
    s25                                      0x1ffffc50   Data           4  functions.o(.data)
    temp1                                    0x1ffffc54   Data           2  functions.o(.data)
    adc0_light                               0x1ffffc58   Data           4  functions.o(.data)
    adc0_temp                                0x1ffffc5c   Data           4  functions.o(.data)
    coeff                                    0x1ffffc60   Data           4  functions.o(.data)
    temp2                                    0x1ffffc68   Data           8  functions.o(.data)
    lr                                       0x1ffffc70   Data           4  functions.o(.data)
    fb                                       0x1ffffc74   Data           4  functions.o(.data)
    gr                                       0x1ffffc78   Data           4  functions.o(.data)
    ga_earth                                 0x1ffffc80   Data           8  functions.o(.data)
    ga_mars                                  0x1ffffc88   Data           8  functions.o(.data)
    ga_moon                                  0x1ffffc90   Data           8  functions.o(.data)
    ga_venus                                 0x1ffffc98   Data           8  functions.o(.data)
    end_flag                                 0x1ffffca0   Data           1  functions.o(.data)
    SystemCoreClock                          0x1ffffca4   Data           4  system_mkl05z4.o(.data)
    rx_buf                                   0x1ffffca8   Data          99  main.o(.bss)
    __libspace_start                         0x1ffffd70   Data          96  libspace.o(.bss)
    __temporary_stack_top$libspace           0x1ffffdd0   Data           0  libspace.o(.bss)



==============================================================================

Memory Map of the image

  Image Entry point : 0x000000c1

  Load Region LR_IROM1 (Base: 0x00000000, Size: 0x00003818, Max: 0x00008000, ABSOLUTE)

    Execution Region ER_IROM1 (Exec base: 0x00000000, Load base: 0x00000000, Size: 0x00003770, Max: 0x00008000, ABSOLUTE)

    Exec Addr    Load Addr    Size         Type   Attr      Idx    E Section Name        Object

    0x00000000   0x00000000   0x000000c0   Data   RO         6167    RESET               startup_mkl05z4.o
    0x000000c0   0x000000c0   0x00000008   Code   RO         6266  * !!!main             c_p.l(__main.o)
    0x000000c8   0x000000c8   0x0000003c   Code   RO         6668    !!!scatter          c_p.l(__scatter.o)
    0x00000104   0x00000104   0x0000001a   Code   RO         6670    !!handler_copy      c_p.l(__scatter_copy.o)
    0x0000011e   0x0000011e   0x00000002   PAD
    0x00000120   0x00000120   0x0000001c   Code   RO         6672    !!handler_zi        c_p.l(__scatter_zi.o)
    0x0000013c   0x0000013c   0x00000002   Code   RO         6251    .ARM.Collect$$_printf_percent$$00000000  c_p.l(_printf_percent.o)
    0x0000013e   0x0000013e   0x0000000a   Code   RO         6250    .ARM.Collect$$_printf_percent$$00000003  c_p.l(_printf_f.o)
    0x00000148   0x00000148   0x0000000a   Code   RO         6249    .ARM.Collect$$_printf_percent$$00000008  c_p.l(_printf_i.o)
    0x00000152   0x00000152   0x00000004   Code   RO         6413    .ARM.Collect$$_printf_percent$$00000017  c_p.l(_printf_percent_end.o)
    0x00000156   0x00000156   0x00000002   Code   RO         6536    .ARM.Collect$$libinit$$00000000  c_p.l(libinit.o)
    0x00000158   0x00000158   0x00000000   Code   RO         6538    .ARM.Collect$$libinit$$00000002  c_p.l(libinit2.o)
    0x00000158   0x00000158   0x00000000   Code   RO         6540    .ARM.Collect$$libinit$$00000004  c_p.l(libinit2.o)
    0x00000158   0x00000158   0x00000000   Code   RO         6543    .ARM.Collect$$libinit$$0000000A  c_p.l(libinit2.o)
    0x00000158   0x00000158   0x00000000   Code   RO         6545    .ARM.Collect$$libinit$$0000000C  c_p.l(libinit2.o)
    0x00000158   0x00000158   0x00000000   Code   RO         6547    .ARM.Collect$$libinit$$0000000E  c_p.l(libinit2.o)
    0x00000158   0x00000158   0x00000006   Code   RO         6548    .ARM.Collect$$libinit$$0000000F  c_p.l(libinit2.o)
    0x0000015e   0x0000015e   0x00000000   Code   RO         6550    .ARM.Collect$$libinit$$00000011  c_p.l(libinit2.o)
    0x0000015e   0x0000015e   0x00000000   Code   RO         6552    .ARM.Collect$$libinit$$00000013  c_p.l(libinit2.o)
    0x0000015e   0x0000015e   0x00000000   Code   RO         6554    .ARM.Collect$$libinit$$00000015  c_p.l(libinit2.o)
    0x0000015e   0x0000015e   0x0000000a   Code   RO         6555    .ARM.Collect$$libinit$$00000016  c_p.l(libinit2.o)
    0x00000168   0x00000168   0x00000000   Code   RO         6556    .ARM.Collect$$libinit$$00000017  c_p.l(libinit2.o)
    0x00000168   0x00000168   0x00000000   Code   RO         6558    .ARM.Collect$$libinit$$00000019  c_p.l(libinit2.o)
    0x00000168   0x00000168   0x00000000   Code   RO         6560    .ARM.Collect$$libinit$$0000001B  c_p.l(libinit2.o)
    0x00000168   0x00000168   0x00000000   Code   RO         6562    .ARM.Collect$$libinit$$0000001D  c_p.l(libinit2.o)
    0x00000168   0x00000168   0x00000000   Code   RO         6564    .ARM.Collect$$libinit$$0000001F  c_p.l(libinit2.o)
    0x00000168   0x00000168   0x00000000   Code   RO         6566    .ARM.Collect$$libinit$$00000021  c_p.l(libinit2.o)
    0x00000168   0x00000168   0x00000000   Code   RO         6568    .ARM.Collect$$libinit$$00000023  c_p.l(libinit2.o)
    0x00000168   0x00000168   0x00000000   Code   RO         6570    .ARM.Collect$$libinit$$00000025  c_p.l(libinit2.o)
    0x00000168   0x00000168   0x00000000   Code   RO         6574    .ARM.Collect$$libinit$$0000002C  c_p.l(libinit2.o)
    0x00000168   0x00000168   0x00000000   Code   RO         6576    .ARM.Collect$$libinit$$0000002E  c_p.l(libinit2.o)
    0x00000168   0x00000168   0x00000000   Code   RO         6578    .ARM.Collect$$libinit$$00000030  c_p.l(libinit2.o)
    0x00000168   0x00000168   0x00000000   Code   RO         6580    .ARM.Collect$$libinit$$00000032  c_p.l(libinit2.o)
    0x00000168   0x00000168   0x00000002   Code   RO         6581    .ARM.Collect$$libinit$$00000033  c_p.l(libinit2.o)
    0x0000016a   0x0000016a   0x00000002   Code   RO         6631    .ARM.Collect$$libshutdown$$00000000  c_p.l(libshutdown.o)
    0x0000016c   0x0000016c   0x00000000   Code   RO         6649    .ARM.Collect$$libshutdown$$00000002  c_p.l(libshutdown2.o)
    0x0000016c   0x0000016c   0x00000000   Code   RO         6651    .ARM.Collect$$libshutdown$$00000004  c_p.l(libshutdown2.o)
    0x0000016c   0x0000016c   0x00000000   Code   RO         6653    .ARM.Collect$$libshutdown$$00000006  c_p.l(libshutdown2.o)
    0x0000016c   0x0000016c   0x00000000   Code   RO         6656    .ARM.Collect$$libshutdown$$00000009  c_p.l(libshutdown2.o)
    0x0000016c   0x0000016c   0x00000000   Code   RO         6659    .ARM.Collect$$libshutdown$$0000000C  c_p.l(libshutdown2.o)
    0x0000016c   0x0000016c   0x00000000   Code   RO         6661    .ARM.Collect$$libshutdown$$0000000E  c_p.l(libshutdown2.o)
    0x0000016c   0x0000016c   0x00000000   Code   RO         6664    .ARM.Collect$$libshutdown$$00000011  c_p.l(libshutdown2.o)
    0x0000016c   0x0000016c   0x00000002   Code   RO         6665    .ARM.Collect$$libshutdown$$00000012  c_p.l(libshutdown2.o)
    0x0000016e   0x0000016e   0x00000000   Code   RO         6394    .ARM.Collect$$rtentry$$00000000  c_p.l(__rtentry.o)
    0x0000016e   0x0000016e   0x00000000   Code   RO         6471    .ARM.Collect$$rtentry$$00000002  c_p.l(__rtentry2.o)
    0x0000016e   0x0000016e   0x00000006   Code   RO         6483    .ARM.Collect$$rtentry$$00000004  c_p.l(__rtentry4.o)
    0x00000174   0x00000174   0x00000000   Code   RO         6473    .ARM.Collect$$rtentry$$00000009  c_p.l(__rtentry2.o)
    0x00000174   0x00000174   0x00000004   Code   RO         6474    .ARM.Collect$$rtentry$$0000000A  c_p.l(__rtentry2.o)
    0x00000178   0x00000178   0x00000000   Code   RO         6476    .ARM.Collect$$rtentry$$0000000C  c_p.l(__rtentry2.o)
    0x00000178   0x00000178   0x00000008   Code   RO         6477    .ARM.Collect$$rtentry$$0000000D  c_p.l(__rtentry2.o)
    0x00000180   0x00000180   0x00000002   Code   RO         6585    .ARM.Collect$$rtexit$$00000000  c_p.l(rtexit.o)
    0x00000182   0x00000182   0x00000000   Code   RO         6600    .ARM.Collect$$rtexit$$00000002  c_p.l(rtexit2.o)
    0x00000182   0x00000182   0x00000004   Code   RO         6601    .ARM.Collect$$rtexit$$00000003  c_p.l(rtexit2.o)
    0x00000186   0x00000186   0x00000006   Code   RO         6602    .ARM.Collect$$rtexit$$00000004  c_p.l(rtexit2.o)
    0x0000018c   0x0000018c   0x00000034   Code   RO         6169    .text               startup_mkl05z4.o
    0x000001c0   0x000001c0   0x00000028   Code   RO         6221    .text               c_p.l(noretval__2sprintf.o)
    0x000001e8   0x000001e8   0x0000004e   Code   RO         6225    .text               c_p.l(_printf_pad.o)
    0x00000236   0x00000236   0x00000002   PAD
    0x00000238   0x00000238   0x0000006c   Code   RO         6227    .text               c_p.l(_printf_dec.o)
    0x000002a4   0x000002a4   0x00000138   Code   RO         6241    .text               c_p.l(__printf_flags_wp.o)
    0x000003dc   0x000003dc   0x00000006   Code   RO         6264    .text               c_p.l(heapauxi.o)
    0x000003e2   0x000003e2   0x0000000a   Code   RO         6411    .text               c_p.l(_sputc.o)
    0x000003ec   0x000003ec   0x00000008   Code   RO         6490    .text               c_p.l(rt_locale_intlibspace.o)
    0x000003f4   0x000003f4   0x00000008   Code   RO         6517    .text               c_p.l(libspace.o)
    0x000003fc   0x000003fc   0x00000002   Code   RO         6618    .text               c_p.l(use_no_semi.o)
    0x000003fe   0x000003fe   0x00000000   Code   RO         6620    .text               c_p.l(indicate_semi.o)
    0x000003fe   0x000003fe   0x00000000   Code   RO         6434    x$fpl$usenofp       fz_ps.l(usenofp.o)
    0x000003fe   0x000003fe   0x00000002   PAD
    0x00000400   0x00000400   0x00000010   Code   RO         6168    .ARM.__at_0x400     startup_mkl05z4.o
    0x00000410   0x00000410   0x00000044   Code   RO         6252    .text               c_p.l(strlen.o)
    0x00000454   0x00000454   0x0000015a   Code   RO         6260    .text               c_p.l(aeabi_sdiv.o)
    0x000005ae   0x000005ae   0x00000002   PAD
    0x000005b0   0x000005b0   0x0000007c   Code   RO         6268    .text               fz_ps.l(d2f.o)
    0x0000062c   0x0000062c   0x00000448   Code   RO         6272    .text               fz_ps.l(ddiv.o)
    0x00000a74   0x00000a74   0x00000048   Code   RO         6281    .text               fz_ps.l(dfixui.o)
    0x00000abc   0x00000abc   0x00000058   Code   RO         6283    .text               fz_ps.l(dflti.o)
    0x00000b14   0x00000b14   0x00000248   Code   RO         6287    .text               fz_ps.l(dmul.o)
    0x00000d5c   0x00000d5c   0x00000054   Code   RO         6291    .text               fz_ps.l(f2d.o)
    0x00000db0   0x00000db0   0x00000160   Code   RO         6299    .text               fz_ps.l(fdiv.o)
    0x00000f10   0x00000f10   0x0000005e   Code   RO         6310    .text               fz_ps.l(fflti.o)
    0x00000f6e   0x00000f6e   0x000000b0   Code   RO         6405    .text               c_p.l(_printf_intcommon.o)
    0x0000101e   0x0000101e   0x00000002   PAD
    0x00001020   0x00001020   0x00000418   Code   RO         6407    .text               c_p.l(_printf_fp_dec.o)
    0x00001438   0x00001438   0x00000030   Code   RO         6409    .text               c_p.l(_printf_char_common.o)
    0x00001468   0x00001468   0x00000028   Code   RO         6414    .text               c_p.l(rtudiv10.o)
    0x00001490   0x00001490   0x0000007a   Code   RO         6497    .text               c_p.l(lludiv10.o)
    0x0000150a   0x0000150a   0x00000002   PAD
    0x0000150c   0x0000150c   0x00000088   Code   RO         6499    .text               c_p.l(_printf_fp_infnan.o)
    0x00001594   0x00001594   0x000000d8   Code   RO         6503    .text               c_p.l(bigflt0.o)
    0x0000166c   0x0000166c   0x00000580   Code   RO         6506    .text               c_p.l(btod.o)
    0x00001bec   0x00001bec   0x0000003e   Code   RO         6520    .text               c_p.l(sys_stackheap_outer.o)
    0x00001c2a   0x00001c2a   0x00000010   Code   RO         6523    .text               c_p.l(exit.o)
    0x00001c3a   0x00001c3a   0x00000002   PAD
    0x00001c3c   0x00001c3c   0x00000088   Code   RO         6529    .text               c_p.l(strcmp.o)
    0x00001cc4   0x00001cc4   0x0000000c   Code   RO         6597    .text               c_p.l(sys_exit.o)
    0x00001cd0   0x00001cd0   0x000000c8   Code   RO          538    i.ADC0_IRQHandler   functions.o
    0x00001d98   0x00001d98   0x00000134   Code   RO          130    i.ADC_Init          adc.o
    0x00001ecc   0x00001ecc   0x00000070   Code   RO          337    i.I2C_Init          i2c.o
    0x00001f3c   0x00001f3c   0x00000090   Code   RO          341    i.I2C_ReadRegBlock  i2c.o
    0x00001fcc   0x00001fcc   0x00000040   Code   RO          342    i.I2C_Write         i2c.o
    0x0000200c   0x0000200c   0x0000004c   Code   RO          343    i.I2C_WriteReg      i2c.o
    0x00002058   0x00002058   0x000000a0   Code   RO          539    i.Init_all          functions.o
    0x000020f8   0x000020f8   0x00000014   Code   RO           93    i.PIT_IRQHandler    pit.o
    0x0000210c   0x0000210c   0x00000078   Code   RO           94    i.PIT_Init          pit.o
    0x00002184   0x00002184   0x0000005c   Code   RO         6178    i.SystemInit        system_mkl05z4.o
    0x000021e0   0x000021e0   0x000000a4   Code   RO            3    i.UART0_IRQHandler  main.o
    0x00002284   0x00002284   0x000000d4   Code   RO          299    i.UART_Init         uart.o
    0x00002358   0x00002358   0x0000001a   Code   RO          300    i.UART_Print        uart.o
    0x00002372   0x00002372   0x00000002   PAD
    0x00002374   0x00002374   0x00000018   Code   RO          301    i.UART_Println      uart.o
    0x0000238c   0x0000238c   0x00000030   Code   RO         2151    i.__ARM_common_ll_muluu  fastmathfunctions.o
    0x000023bc   0x000023bc   0x0000002c   Code   RO         6449    i.__ARM_fpclassify  m_ps.l(fpclassify.o)
    0x000023e8   0x000023e8   0x00000018   Code   RO           95    i.__NVIC_ClearPendingIRQ  pit.o
    0x00002400   0x00002400   0x0000000e   Code   RO         6239    i._is_digit         c_p.l(__printf_wp.o)
    0x0000240e   0x0000240e   0x00000002   PAD
    0x00002410   0x00002410   0x00000198   Code   RO          467    i.control_Init      control.o
    0x000025a8   0x000025a8   0x0000001a   Code   RO          540    i.czyZawieraLitere  functions.o
    0x000025c2   0x000025c2   0x00000002   PAD
    0x000025c4   0x000025c4   0x00000014   Code   RO          344    i.i2c_ack           i2c.o
    0x000025d8   0x000025d8   0x00000014   Code   RO          345    i.i2c_disable       i2c.o
    0x000025ec   0x000025ec   0x00000014   Code   RO          346    i.i2c_enable        i2c.o
    0x00002600   0x00002600   0x00000020   Code   RO          347    i.i2c_m_rstart      i2c.o
    0x00002620   0x00002620   0x00000014   Code   RO          348    i.i2c_m_start       i2c.o
    0x00002634   0x00002634   0x00000014   Code   RO          349    i.i2c_m_stop        i2c.o
    0x00002648   0x00002648   0x00000014   Code   RO          350    i.i2c_nack          i2c.o
    0x0000265c   0x0000265c   0x00000014   Code   RO          351    i.i2c_rec           i2c.o
    0x00002670   0x00002670   0x0000000c   Code   RO          352    i.i2c_recv          i2c.o
    0x0000267c   0x0000267c   0x0000000c   Code   RO          353    i.i2c_send          i2c.o
    0x00002688   0x00002688   0x00000014   Code   RO          354    i.i2c_tran          i2c.o
    0x0000269c   0x0000269c   0x00000074   Code   RO          355    i.i2c_wait          i2c.o
    0x00002710   0x00002710   0x00000138   Code   RO            4    i.main              main.o
    0x00002848   0x00002848   0x000000d4   Code   RO          541    i.measurement       functions.o
    0x0000291c   0x0000291c   0x000000b0   Code   RO          542    i.measurement2      functions.o
    0x000029cc   0x000029cc   0x000000b4   Code   RO          469    i.move_backward     control.o
    0x00002a80   0x00002a80   0x000000b4   Code   RO          470    i.move_foward       control.o
    0x00002b34   0x00002b34   0x000002f0   Code   RO          543    i.rozpoznajKomendy  functions.o
    0x00002e24   0x00002e24   0x0000011c   Code   RO          544    i.send_result       functions.o
    0x00002f40   0x00002f40   0x00000038   Code   RO          545    i.set_comand        functions.o
    0x00002f78   0x00002f78   0x00000040   Code   RO          472    i.stop              control.o
    0x00002fb8   0x00002fb8   0x0000007c   Code   RO          474    i.turn_left         control.o
    0x00003034   0x00003034   0x0000007c   Code   RO          475    i.turn_right        control.o
    0x000030b0   0x000030b0   0x00000018   Code   RO          302    i.uart_send         uart.o
    0x000030c8   0x000030c8   0x00000028   Code   RO          546    i.wyodrebnijLiczbe  functions.o
    0x000030f0   0x000030f0   0x0000002c   Code   RO         6509    locale$$code        c_p.l(lc_numeric_c.o)
    0x0000311c   0x0000311c   0x0000008c   Code   RO         6293    x$fpl$fadd          fz_ps.l(faddsub.o)
    0x000031a8   0x000031a8   0x000000b0   Code   RO         6314    x$fpl$fmul          fz_ps.l(fmul.o)
    0x00003258   0x00003258   0x00000018   Code   RO         6294    x$fpl$frsb          fz_ps.l(faddsub.o)
    0x00003270   0x00003270   0x000000d0   Code   RO         6295    x$fpl$fsub          fz_ps.l(faddsub.o)
    0x00003340   0x00003340   0x00000010   Code   RO         6318    x$fpl$printf1       fz_ps.l(printf1.o)
    0x00003350   0x00003350   0x00000011   Data   RO         6242    .constdata          c_p.l(__printf_flags_wp.o)
    0x00003361   0x00003361   0x00000080   Data   RO         6273    .constdata          fz_ps.l(ddiv.o)
    0x000033e1   0x000033e1   0x00000040   Data   RO         6300    .constdata          fz_ps.l(fdiv.o)
    0x00003421   0x00003421   0x00000003   PAD
    0x00003424   0x00003424   0x00000094   Data   RO         6504    .constdata          c_p.l(bigflt0.o)
    0x000034b8   0x000034b8   0x0000027b   Data   RO          548    .conststring        functions.o
    0x00003733   0x00003733   0x00000001   PAD
    0x00003734   0x00003734   0x00000020   Data   RO         6666    Region$$Table       anon$$obj.o
    0x00003754   0x00003754   0x0000001c   Data   RO         6508    locale$$data        c_p.l(lc_numeric_c.o)


    Execution Region RW_IRAM1 (Exec base: 0x1ffffc00, Load base: 0x00003770, Size: 0x000004d0, Max: 0x00001000, ABSOLUTE)

    Exec Addr    Load Addr    Size         Type   Attr      Idx    E Section Name        Object

    0x1ffffc00   0x00003770   0x00000023   Data   RW            6    .data               main.o
    0x1ffffc23   0x00003793   0x00000001   PAD
    0x1ffffc24   0x00003794   0x00000004   Data   RW           96    .data               pit.o
    0x1ffffc28   0x00003798   0x00000004   Data   RW          356    .data               i2c.o
    0x1ffffc2c   0x0000379c   0x00000004   Data   RW          476    .data               control.o
    0x1ffffc30   0x000037a0   0x00000071   Data   RW          549    .data               functions.o
    0x1ffffca1   0x00003811   0x00000003   PAD
    0x1ffffca4   0x00003814   0x00000004   Data   RW         6179    .data               system_mkl05z4.o
    0x1ffffca8        -       0x00000063   Zero   RW            5    .bss                main.o
    0x1ffffd0b        -       0x00000063   Zero   RW          547    .bss                functions.o
    0x1ffffd6e   0x00003818   0x00000002   PAD
    0x1ffffd70        -       0x00000060   Zero   RW         6518    .bss                c_p.l(libspace.o)
    0x1ffffdd0        -       0x00000000   Zero   RW         6166    HEAP                startup_mkl05z4.o
    0x1ffffdd0        -       0x00000300   Zero   RW         6165    STACK               startup_mkl05z4.o


==============================================================================

Image component sizes


      Code (inc. data)   RO Data    RW Data    ZI Data      Debug   Object Name

       308         22          0          0          0        803   adc.o
      1080         90          0          4          0       3306   control.o
        48          0          0          0          0         76   fastmathfunctions.o
      1906        688        635        113         99      14398   functions.o
       728        108          0          4          0       7257   i2c.o
       476        158          0         35         99      90429   main.o
       164         36          0          4          0       9570   pit.o
        68         38        192          0        768        844   startup_mkl05z4.o
        92         14          0          4          0        711   system_mkl05z4.o
       286         30          0          0          0       2040   uart.o

    ----------------------------------------------------------------------
      5160       1184        860        168        968     129434   Object Totals
         0          0         32          0          0          0   (incl. Generated)
         4          0          1          4          2          0   (incl. Padding)

    ----------------------------------------------------------------------

      Code (inc. data)   RO Data    RW Data    ZI Data      Debug   Library Member Name

         8          0          0          0          0         68   __main.o
       312          6         17          0          0         76   __printf_flags_wp.o
        14          0          0          0          0         60   __printf_wp.o
         0          0          0          0          0          0   __rtentry.o
        12          0          0          0          0          0   __rtentry2.o
         6          0          0          0          0          0   __rtentry4.o
        60          8          0          0          0          0   __scatter.o
        26          0          0          0          0          0   __scatter_copy.o
        28          0          0          0          0          0   __scatter_zi.o
        48          6          0          0          0         88   _printf_char_common.o
       108         18          0          0          0         76   _printf_dec.o
        10          0          0          0          0          0   _printf_f.o
      1048         14          0          0          0        176   _printf_fp_dec.o
       136         16          0          0          0         76   _printf_fp_infnan.o
        10          0          0          0          0          0   _printf_i.o
       176          0          0          0          0         84   _printf_intcommon.o
        78          0          0          0          0        100   _printf_pad.o
         2          0          0          0          0          0   _printf_percent.o
         4          0          0          0          0          0   _printf_percent_end.o
        10          0          0          0          0         60   _sputc.o
       346          0          0          0          0         92   aeabi_sdiv.o
       216          6        148          0          0         80   bigflt0.o
      1408         30          0          0          0        260   btod.o
        16          0          0          0          0         68   exit.o
         6          0          0          0          0        136   heapauxi.o
         0          0          0          0          0          0   indicate_semi.o
        44         10         28          0          0         76   lc_numeric_c.o
         2          0          0          0          0          0   libinit.o
        18          0          0          0          0          0   libinit2.o
         2          0          0          0          0          0   libshutdown.o
         2          0          0          0          0          0   libshutdown2.o
         8          4          0          0         96         68   libspace.o
       122          0          0          0          0         72   lludiv10.o
        40          4          0          0          0         84   noretval__2sprintf.o
         8          4          0          0          0         68   rt_locale_intlibspace.o
         2          0          0          0          0          0   rtexit.o
        10          0          0          0          0          0   rtexit2.o
        40          0          0          0          0         60   rtudiv10.o
       136          4          0          0          0         72   strcmp.o
        68          6          0          0          0         72   strlen.o
        12          4          0          0          0         60   sys_exit.o
        62          0          0          0          0         80   sys_stackheap_outer.o
         2          0          0          0          0         68   use_no_semi.o
       124          4          0          0          0         72   d2f.o
      1096         26        128          0          0        112   ddiv.o
        72          4          0          0          0         68   dfixui.o
        88          0          0          0          0         92   dflti.o
       584         26          0          0          0         84   dmul.o
        84          4          0          0          0         60   f2d.o
       372          8          0          0          0        240   faddsub.o
       352         10         64          0          0         92   fdiv.o
        94          0          0          0          0         92   fflti.o
       176          4          0          0          0         80   fmul.o
        16          4          0          0          0         76   printf1.o
         0          0          0          0          0          0   usenofp.o
        44          4          0          0          0         60   fpclassify.o

    ----------------------------------------------------------------------
      7784        234        388          0         96       3408   Library Totals
        16          0          3          0          0          0   (incl. Padding)

    ----------------------------------------------------------------------

      Code (inc. data)   RO Data    RW Data    ZI Data      Debug   Library Name

      4666        140        193          0         96       2280   c_p.l
      3058         90        192          0          0       1068   fz_ps.l
        44          4          0          0          0         60   m_ps.l

    ----------------------------------------------------------------------
      7784        234        388          0         96       3408   Library Totals

    ----------------------------------------------------------------------

==============================================================================


      Code (inc. data)   RO Data    RW Data    ZI Data      Debug   

     12944       1418       1248        168       1064     129430   Grand Totals
     12944       1418       1248        168       1064     129430   ELF Image Totals
     12944       1418       1248        168          0          0   ROM Totals

==============================================================================

    Total RO  Size (Code + RO Data)                14192 (  13.86kB)
    Total RW  Size (RW Data + ZI Data)              1232 (   1.20kB)
    Total ROM Size (Code + RO Data + RW Data)      14360 (  14.02kB)

==============================================================================

